Component: ARM Compiler 5.06 update 7 (build 960) Tool: armlink [4d3601]

==============================================================================

Section Cross References

    startup_stm32f103xb.o(STACK) refers (Special) to heapauxi.o(.text) for __use_two_region_memory
    startup_stm32f103xb.o(HEAP) refers (Special) to heapauxi.o(.text) for __use_two_region_memory
    startup_stm32f103xb.o(RESET) refers (Special) to heapauxi.o(.text) for __use_two_region_memory
    startup_stm32f103xb.o(RESET) refers to startup_stm32f103xb.o(STACK) for __initial_sp
    startup_stm32f103xb.o(RESET) refers to startup_stm32f103xb.o(.text) for Reset_Handler
    startup_stm32f103xb.o(RESET) refers to stm32f1xx_it.o(i.NMI_Handler) for NMI_Handler
    startup_stm32f103xb.o(RESET) refers to stm32f1xx_it.o(i.HardFault_Handler) for HardFault_Handler
    startup_stm32f103xb.o(RESET) refers to stm32f1xx_it.o(i.MemManage_Handler) for MemManage_Handler
    startup_stm32f103xb.o(RESET) refers to stm32f1xx_it.o(i.BusFault_Handler) for BusFault_Handler
    startup_stm32f103xb.o(RESET) refers to stm32f1xx_it.o(i.UsageFault_Handler) for UsageFault_Handler
    startup_stm32f103xb.o(RESET) refers to port.o(.emb_text) for SVC_Handler
    startup_stm32f103xb.o(RESET) refers to stm32f1xx_it.o(i.DebugMon_Handler) for DebugMon_Handler
    startup_stm32f103xb.o(RESET) refers to stm32f1xx_it.o(i.SysTick_Handler) for SysTick_Handler
    startup_stm32f103xb.o(RESET) refers to stm32f1xx_it.o(i.DMA1_Channel1_IRQHandler) for DMA1_Channel1_IRQHandler
    startup_stm32f103xb.o(.text) refers (Special) to heapauxi.o(.text) for __use_two_region_memory
    startup_stm32f103xb.o(.text) refers to system_stm32f1xx.o(i.SystemInit) for SystemInit
    startup_stm32f103xb.o(.text) refers to __main.o(!!!main) for __main
    startup_stm32f103xb.o(.text) refers to startup_stm32f103xb.o(HEAP) for Heap_Mem
    startup_stm32f103xb.o(.text) refers to startup_stm32f103xb.o(STACK) for Stack_Mem
    main.o(i.SystemClock_Config) refers to rt_memclr_w.o(.text) for __aeabi_memclr4
    main.o(i.SystemClock_Config) refers to stm32f1xx_hal_rcc.o(i.HAL_RCC_OscConfig) for HAL_RCC_OscConfig
    main.o(i.SystemClock_Config) refers to stm32f1xx_hal_rcc.o(i.HAL_RCC_ClockConfig) for HAL_RCC_ClockConfig
    main.o(i.SystemClock_Config) refers to stm32f1xx_hal_rcc_ex.o(i.HAL_RCCEx_PeriphCLKConfig) for HAL_RCCEx_PeriphCLKConfig
    main.o(i.main) refers to stm32f1xx_hal.o(i.HAL_Init) for HAL_Init
    main.o(i.main) refers to main.o(i.SystemClock_Config) for SystemClock_Config
    main.o(i.main) refers to gpio.o(i.MX_GPIO_Init) for MX_GPIO_Init
    main.o(i.main) refers to dma.o(i.MX_DMA_Init) for MX_DMA_Init
    main.o(i.main) refers to adc.o(i.MX_ADC1_Init) for MX_ADC1_Init
    main.o(i.main) refers to usart.o(i.MX_USART1_UART_Init) for MX_USART1_UART_Init
    main.o(i.main) refers to usart.o(i.MX_USART3_UART_Init) for MX_USART3_UART_Init
    main.o(i.main) refers to freertos.o(i.MX_FREERTOS_Init) for MX_FREERTOS_Init
    main.o(i.main) refers to cmsis_os.o(i.osKernelStart) for osKernelStart
    gpio.o(i.MX_GPIO_Init) refers to stm32f1xx_hal_gpio.o(i.HAL_GPIO_WritePin) for HAL_GPIO_WritePin
    gpio.o(i.MX_GPIO_Init) refers to stm32f1xx_hal_gpio.o(i.HAL_GPIO_Init) for HAL_GPIO_Init
    freertos.o(i.MX_FREERTOS_Init) refers to rt_memcpy_w.o(.text) for __aeabi_memcpy4
    freertos.o(i.MX_FREERTOS_Init) refers to cmsis_os.o(i.osThreadCreate) for osThreadCreate
    freertos.o(i.MX_FREERTOS_Init) refers to freertos.o(.constdata) for .constdata
    freertos.o(i.MX_FREERTOS_Init) refers to freertos.o(.data) for .data
    freertos.o(i.StartDefaultTask) refers to cmsis_os.o(i.osDelay) for osDelay
    freertos.o(i.StartTask02) refers to hc4051.o(i.hc4051_init) for hc4051_init
    freertos.o(i.StartTask02) refers to hc4051.o(i.hc4051_selectChannel) for hc4051_selectChannel
    freertos.o(i.StartTask02) refers to stm32f1xx_hal_adc.o(i.HAL_ADC_Start_DMA) for HAL_ADC_Start_DMA
    freertos.o(i.StartTask02) refers to cmsis_os.o(i.osDelay) for osDelay
    freertos.o(i.StartTask02) refers to freertos.o(i.set_ic1_s2) for set_ic1_s2
    freertos.o(i.StartTask02) refers to freertos.o(i.set_ic1_s1) for set_ic1_s1
    freertos.o(i.StartTask02) refers to freertos.o(i.set_ic1_s0) for set_ic1_s0
    freertos.o(i.StartTask02) refers to hc4051.o(.bss) for HC4051_ic1
    freertos.o(i.StartTask02) refers to freertos.o(i.set_ic2_s2) for set_ic2_s2
    freertos.o(i.StartTask02) refers to freertos.o(i.set_ic2_s1) for set_ic2_s1
    freertos.o(i.StartTask02) refers to freertos.o(i.set_ic2_s0) for set_ic2_s0
    freertos.o(i.StartTask02) refers to hc4051.o(.bss) for HC4051_ic2
    freertos.o(i.StartTask02) refers to freertos.o(i.set_ic3_s2) for set_ic3_s2
    freertos.o(i.StartTask02) refers to freertos.o(i.set_ic3_s1) for set_ic3_s1
    freertos.o(i.StartTask02) refers to freertos.o(i.set_ic3_s0) for set_ic3_s0
[...]
    ../clib/printf_percent.s                 0x00000000   Number         0  _printf_percent.o ABSOLUTE
    ../clib/printf_percent.s                 0x00000000   Number         0  _printf_d.o ABSOLUTE
    ../clib/signal.c                         0x00000000   Number         0  defsig_fpe_inner.o ABSOLUTE
    ../clib/signal.c                         0x00000000   Number         0  defsig_abrt_inner.o ABSOLUTE
    ../clib/signal.c                         0x00000000   Number         0  defsig_other.o ABSOLUTE
    ../clib/signal.c                         0x00000000   Number         0  defsig_segv_inner.o ABSOLUTE
    ../clib/signal.c                         0x00000000   Number         0  defsig_rtmem_outer.o ABSOLUTE
    ../clib/signal.c                         0x00000000   Number         0  defsig_rtmem_formal.o ABSOLUTE
    ../clib/signal.c                         0x00000000   Number         0  defsig_cppl_inner.o ABSOLUTE
    ../clib/signal.c                         0x00000000   Number         0  defsig_general.o ABSOLUTE
    ../clib/signal.c                         0x00000000   Number         0  __raise.o ABSOLUTE
    ../clib/signal.c                         0x00000000   Number         0  defsig_exit.o ABSOLUTE
    ../clib/signal.c                         0x00000000   Number         0  defsig_pvfn_inner.o ABSOLUTE
    ../clib/signal.c                         0x00000000   Number         0  defsig_stak_inner.o ABSOLUTE
    ../clib/signal.c                         0x00000000   Number         0  defsig_rtred_inner.o ABSOLUTE
    ../clib/signal.c                         0x00000000   Number         0  defsig_rtmem_inner.o ABSOLUTE
    ../clib/signal.s                         0x00000000   Number         0  defsig.o ABSOLUTE
    ../clib/stdlib.c                         0x00000000   Number         0  exit.o ABSOLUTE
    ../fplib/fpinit.s                        0x00000000   Number         0  fpinit.o ABSOLUTE
    ..\Core\Src\adc.c                        0x00000000   Number         0  adc.o ABSOLUTE
    ..\Core\Src\dma.c                        0x00000000   Number         0  dma.o ABSOLUTE
    ..\Core\Src\freertos.c                   0x00000000   Number         0  freertos.o ABSOLUTE
    ..\Core\Src\gpio.c                       0x00000000   Number         0  gpio.o ABSOLUTE
    ..\Core\Src\main.c                       0x00000000   Number         0  main.o ABSOLUTE
    ..\Core\Src\stm32f1xx_hal_msp.c          0x00000000   Number         0  stm32f1xx_hal_msp.o ABSOLUTE
    ..\Core\Src\stm32f1xx_it.c               0x00000000   Number         0  stm32f1xx_it.o ABSOLUTE
    ..\Core\Src\system_stm32f1xx.c           0x00000000   Number         0  system_stm32f1xx.o ABSOLUTE
    ..\Core\Src\usart.c                      0x00000000   Number         0  usart.o ABSOLUTE
    ..\Drivers\STM32F1xx_HAL_Driver\Src\stm32f1xx_hal.c 0x00000000   Number         0  stm32f1xx_hal.o ABSOLUTE
    ..\Drivers\STM32F1xx_HAL_Driver\Src\stm32f1xx_hal_adc.c 0x00000000   Number         0  stm32f1xx_hal_adc.o ABSOLUTE
    ..\Drivers\STM32F1xx_HAL_Driver\Src\stm32f1xx_hal_adc_ex.c 0x00000000   Number         0  stm32f1xx_hal_adc_ex.o ABSOLUTE
    ..\Drivers\STM32F1xx_HAL_Driver\Src\stm32f1xx_hal_cortex.c 0x00000000   Number         0  stm32f1xx_hal_cortex.o ABSOLUTE
    ..\Drivers\STM32F1xx_HAL_Driver\Src\stm32f1xx_hal_dma.c 0x00000000   Number         0  stm32f1xx_hal_dma.o ABSOLUTE
    ..\Drivers\STM32F1xx_HAL_Driver\Src\stm32f1xx_hal_exti.c 0x00000000   Number         0  stm32f1xx_hal_exti.o ABSOLUTE
    ..\Drivers\STM32F1xx_HAL_Driver\Src\stm32f1xx_hal_flash.c 0x00000000   Number         0  stm32f1xx_hal_flash.o ABSOLUTE
    ..\Drivers\STM32F1xx_HAL_Driver\Src\stm32f1xx_hal_flash_ex.c 0x00000000   Number         0  stm32f1xx_hal_flash_ex.o ABSOLUTE
    ..\Drivers\STM32F1xx_HAL_Driver\Src\stm32f1xx_hal_gpio.c 0x00000000   Number         0  stm32f1xx_hal_gpio.o ABSOLUTE
    ..\Drivers\STM32F1xx_HAL_Driver\Src\stm32f1xx_hal_gpio_ex.c 0x00000000   Number         0  stm32f1xx_hal_gpio_ex.o ABSOLUTE
    ..\Drivers\STM32F1xx_HAL_Driver\Src\stm32f1xx_hal_pwr.c 0x00000000   Number         0  stm32f1xx_hal_pwr.o ABSOLUTE
    ..\Drivers\STM32F1xx_HAL_Driver\Src\stm32f1xx_hal_rcc.c 0x00000000   Number         0  stm32f1xx_hal_rcc.o ABSOLUTE
    ..\Drivers\STM32F1xx_HAL_Driver\Src\stm32f1xx_hal_rcc_ex.c 0x00000000   Number         0  stm32f1xx_hal_rcc_ex.o ABSOLUTE
    ..\Drivers\STM32F1xx_HAL_Driver\Src\stm32f1xx_hal_tim.c 0x00000000   Number         0  stm32f1xx_hal_tim.o ABSOLUTE
    ..\Drivers\STM32F1xx_HAL_Driver\Src\stm32f1xx_hal_tim_ex.c 0x00000000   Number         0  stm32f1xx_hal_tim_ex.o ABSOLUTE
    ..\Drivers\STM32F1xx_HAL_Driver\Src\stm32f1xx_hal_uart.c 0x00000000   Number         0  stm32f1xx_hal_uart.o ABSOLUTE
    ..\Middlewares\Third_Party\FreeRTOS\Source\CMSIS_RTOS\cmsis_os.c 0x00000000   Number         0  cmsis_os.o ABSOLUTE
    ..\Middlewares\Third_Party\FreeRTOS\Source\portable\RVDS\ARM_CM3\port.c 0x00000000   Number         0  port.o ABSOLUTE
    ..\User\hc4051.c                         0x00000000   Number         0  hc4051.o ABSOLUTE
    dc.s                                     0x00000000   Number         0  dc.o ABSOLUTE
    startup_stm32f103xb.s                    0x00000000   Number         0  startup_stm32f103xb.o ABSOLUTE
    RESET                                    0x08000000   Section      236  startup_stm32f103xb.o(RESET)
    !!!main                                  0x080000ec   Section        8  __main.o(!!!main)
    !!!scatter                               0x080000f4   Section       52  __scatter.o(!!!scatter)
    !!handler_copy                           0x08000128   Section       26  __scatter_copy.o(!!handler_copy)
    !!handler_zi                             0x08000144   Section       28  __scatter_zi.o(!!handler_zi)
    .ARM.Collect$$_printf_percent$$00000000  0x08000160   Section        0  _printf_percent.o(.ARM.Collect$$_printf_percent$$00000000)
    .ARM.Collect$$_printf_percent$$00000009  0x08000160   Section        6  _printf_d.o(.ARM.Collect$$_printf_percent$$00000009)
    .ARM.Collect$$_printf_percent$$00000017  0x08000166   Section        4  _printf_percent_end.o(.ARM.Collect$$_printf_percent$$00000017)
    .ARM.Collect$$libinit$$00000000          0x0800016a   Section        2  libinit.o(.ARM.Collect$$libinit$$00000000)
    .ARM.Collect$$libinit$$00000002          0x0800016c   Section        0  libinit2.o(.ARM.Collect$$libinit$$00000002)
    .ARM.Collect$$libinit$$00000004          0x0800016c   Section        0  libinit2.o(.ARM.Collect$$libinit$$00000004)
    .ARM.Collect$$libinit$$0000000A          0x0800016c   Section        0  libinit2.o(.ARM.Collect$$libinit$$0000000A)
    .ARM.Collect$$libinit$$0000000C          0x0800016c   Section        0  libinit2.o(.ARM.Collect$$libinit$$0000000C)
    .ARM.Collect$$libinit$$0000000E          0x0800016c   Section        0  libinit2.o(.ARM.Collect$$libinit$$0000000E)
    .ARM.Collect$$libinit$$00000011          0x0800016c   Section        0  libinit2.o(.ARM.Collect$$libinit$$00000011)
    .ARM.Collect$$libinit$$00000013          0x0800016c   Section        0  libinit2.o(.ARM.Collect$$libinit$$00000013)
    .ARM.Collect$$libinit$$00000015          0x0800016c   Section        0  libinit2.o(.ARM.Collect$$libinit$$00000015)
    .ARM.Collect$$libinit$$00000017          0x0800016c   Section        0  libinit2.o(.ARM.Collect$$libinit$$00000017)
    .ARM.Collect$$libinit$$00000019          0x0800016c   Section        0  libinit2.o(.ARM.Collect$$libinit$$00000019)
    .ARM.Collect$$libinit$$0000001B          0x0800016c   Section        0  libinit2.o(.ARM.Collect$$libinit$$0000001B)
    .ARM.Collect$$libinit$$0000001D          0x0800016c   Section        0  libinit2.o(.ARM.Collect$$libinit$$0000001D)
    .ARM.Collect$$libinit$$0000001F          0x0800016c   Section        0  libinit2.o(.ARM.Collect$$libinit$$0000001F)
    .ARM.Collect$$libinit$$00000021          0x0800016c   Section        0  libinit2.o(.ARM.Collect$$libinit$$00000021)
    .ARM.Collect$$libinit$$00000023          0x0800016c   Section        0  libinit2.o(.ARM.Collect$$libinit$$00000023)
    .ARM.Collect$$libinit$$00000025          0x0800016c   Section        0  libinit2.o(.ARM.Collect$$libinit$$00000025)
    .ARM.Collect$$libinit$$0000002C          0x0800016c   Section        0  libinit2.o(.ARM.Collect$$libinit$$0000002C)
    .ARM.Collect$$libinit$$0000002E          0x0800016c   Section        0  libinit2.o(.ARM.Collect$$libinit$$0000002E)
    .ARM.Collect$$libinit$$00000030          0x0800016c   Section        0  libinit2.o(.ARM.Collect$$libinit$$00000030)
    .ARM.Collect$$libinit$$00000032          0x0800016c   Section        0  libinit2.o(.ARM.Collect$$libinit$$00000032)
    .ARM.Collect$$libinit$$00000033          0x0800016c   Section        2  libinit2.o(.ARM.Collect$$libinit$$00000033)
    .ARM.Collect$$libshutdown$$00000000      0x0800016e   Section        2  libshutdown.o(.ARM.Collect$$libshutdown$$00000000)
    .ARM.Collect$$libshutdown$$00000002      0x08000170   Section        0  libshutdown2.o(.ARM.Collect$$libshutdown$$00000002)
    .ARM.Collect$$libshutdown$$00000004      0x08000170   Section        0  libshutdown2.o(.ARM.Collect$$libshutdown$$00000004)
    .ARM.Collect$$libshutdown$$00000006      0x08000170   Section        0  libshutdown2.o(.ARM.Collect$$libshutdown$$00000006)
    .ARM.Collect$$libshutdown$$00000009      0x08000170   Section        0  libshutdown2.o(.ARM.Collect$$libshutdown$$00000009)
    .ARM.Collect$$libshutdown$$0000000C      0x08000170   Section        0  libshutdown2.o(.ARM.Collect$$libshutdown$$0000000C)
    .ARM.Collect$$libshutdown$$0000000E      0x08000170   Section        0  libshutdown2.o(.ARM.Collect$$libshutdown$$0000000E)
    .ARM.Collect$$libshutdown$$00000011      0x08000170   Section        0  libshutdown2.o(.ARM.Collect$$libshutdown$$00000011)
    .ARM.Collect$$libshutdown$$00000012      0x08000170   Section        2  libshutdown2.o(.ARM.Collect$$libshutdown$$00000012)
    .ARM.Collect$$rtentry$$00000000          0x08000172   Section        0  __rtentry.o(.ARM.Collect$$rtentry$$00000000)
    .ARM.Collect$$rtentry$$00000002          0x08000172   Section        0  __rtentry2.o(.ARM.Collect$$rtentry$$00000002)
    .ARM.Collect$$rtentry$$00000004          0x08000172   Section        6  __rtentry4.o(.ARM.Collect$$rtentry$$00000004)
    .ARM.Collect$$rtentry$$00000009          0x08000178   Section        0  __rtentry2.o(.ARM.Collect$$rtentry$$00000009)
    .ARM.Collect$$rtentry$$0000000A          0x08000178   Section        4  __rtentry2.o(.ARM.Collect$$rtentry$$0000000A)
    .ARM.Collect$$rtentry$$0000000C          0x0800017c   Section        0  __rtentry2.o(.ARM.Collect$$rtentry$$0000000C)
    .ARM.Collect$$rtentry$$0000000D          0x0800017c   Section        8  __rtentry2.o(.ARM.Collect$$rtentry$$0000000D)
    .ARM.Collect$$rtexit$$00000000           0x08000184   Section        2  rtexit.o(.ARM.Collect$$rtexit$$00000000)
    .ARM.Collect$$rtexit$$00000002           0x08000186   Section        0  rtexit2.o(.ARM.Collect$$rtexit$$00000002)
    .ARM.Collect$$rtexit$$00000003           0x08000186   Section        4  rtexit2.o(.ARM.Collect$$rtexit$$00000003)
    .ARM.Collect$$rtexit$$00000004           0x0800018a   Section        6  rtexit2.o(.ARM.Collect$$rtexit$$00000004)
    .emb_text                                0x08000190   Section      150  port.o(.emb_text)
    .text                                    0x08000228   Section       64  startup_stm32f103xb.o(.text)
    .text                                    0x08000268   Section        0  noretval__2sprintf.o(.text)
    .text                                    0x08000290   Section        0  __printf.o(.text)
    .text                                    0x080002f8   Section        0  _printf_dec.o(.text)
    .text                                    0x08000370   Section      100  rt_memcpy_w.o(.text)
    .text                                    0x080003d4   Section       78  rt_memclr_w.o(.text)
    .text                                    0x08000422   Section        0  heapauxi.o(.text)
    .text                                    0x08000428   Section        0  _printf_intcommon.o(.text)
    .text                                    0x080004dc   Section        0  _printf_char_common.o(.text)
    _printf_input_char                       0x080004dd   Thumb Code    10  _printf_char_common.o(.text)
    .text                                    0x0800050c   Section        0  _sputc.o(.text)
    .text                                    0x08000516   Section       74  sys_stackheap_outer.o(.text)
    .text                                    0x08000560   Section        0  exit.o(.text)
    .text                                    0x08000574   Section        8  libspace.o(.text)
    .text                                    0x0800057c   Section        0  sys_exit.o(.text)
    .text                                    0x08000588   Section        2  use_no_semi.o(.text)
    .text                                    0x0800058a   Section        0  indicate_semi.o(.text)
    i.ADC_ConversionStop_Disable             0x0800058c   Section        0  stm32f1xx_hal_adc.o(i.ADC_ConversionStop_Disable)
    i.ADC_DMAConvCplt                        0x080005e2   Section        0  stm32f1xx_hal_adc.o(i.ADC_DMAConvCplt)
    i.ADC_DMAError                           0x08000630   Section        0  stm32f1xx_hal_adc.o(i.ADC_DMAError)
    i.ADC_DMAHalfConvCplt                    0x0800064a   Section        0  stm32f1xx_hal_adc.o(i.ADC_DMAHalfConvCplt)
    i.ADC_Enable                             0x08000654   Section        0  stm32f1xx_hal_adc.o(i.ADC_Enable)
    i.BusFault_Handler                       0x080006d0   Section        0  stm32f1xx_it.o(i.BusFault_Handler)
    i.DMA1_Channel1_IRQHandler               0x080006d4   Section        0  stm32f1xx_it.o(i.DMA1_Channel1_IRQHandler)
    i.DMA_SetConfig                          0x080006e0   Section        0  stm32f1xx_hal_dma.o(i.DMA_SetConfig)
    DMA_SetConfig                            0x080006e1   Thumb Code    42  stm32f1xx_hal_dma.o(i.DMA_SetConfig)
    i.DebugMon_Handler                       0x0800070a   Section        0  stm32f1xx_it.o(i.DebugMon_Handler)
    i.Error_Handler                          0x0800070c   Section        0  main.o(i.Error_Handler)
    i.HAL_ADC_ConfigChannel                  0x08000710   Section        0  stm32f1xx_hal_adc.o(i.HAL_ADC_ConfigChannel)
    i.HAL_ADC_ConvCpltCallback               0x0800080c   Section        0  stm32f1xx_hal_adc.o(i.HAL_ADC_ConvCpltCallback)
    i.HAL_ADC_ConvHalfCpltCallback           0x0800080e   Section        0  stm32f1xx_hal_adc.o(i.HAL_ADC_ConvHalfCpltCallback)
    i.HAL_ADC_ErrorCallback                  0x08000810   Section        0  stm32f1xx_hal_adc.o(i.HAL_ADC_ErrorCallback)
    i.HAL_ADC_Init                           0x08000814   Section        0  stm32f1xx_hal_adc.o(i.HAL_ADC_Init)
    i.HAL_ADC_MspInit                        0x08000930   Section        0  adc.o(i.HAL_ADC_MspInit)
    i.HAL_ADC_Start_DMA                      0x080009c0   Section        0  stm32f1xx_hal_adc.o(i.HAL_ADC_Start_DMA)
    i.HAL_DMA_IRQHandler                     0x08000acc   Section        0  stm32f1xx_hal_dma.o(i.HAL_DMA_IRQHandler)
    i.HAL_DMA_Init                           0x08000c20   Section        0  stm32f1xx_hal_dma.o(i.HAL_DMA_Init)
    i.HAL_DMA_Start_IT                       0x08000c7c   Section        0  stm32f1xx_hal_dma.o(i.HAL_DMA_Start_IT)
    i.HAL_GPIO_Init                          0x08000cec   Section        0  stm32f1xx_hal_gpio.o(i.HAL_GPIO_Init)
    i.HAL_GPIO_WritePin                      0x08000ecc   Section        0  stm32f1xx_hal_gpio.o(i.HAL_GPIO_WritePin)
    i.HAL_GetTick                            0x08000ed8   Section        0  stm32f1xx_hal.o(i.HAL_GetTick)
    i.HAL_IncTick                            0x08000ee4   Section        0  stm32f1xx_hal.o(i.HAL_IncTick)
    i.HAL_Init                               0x08000ef4   Section        0  stm32f1xx_hal.o(i.HAL_Init)
    i.HAL_InitTick                           0x08000f18   Section        0  stm32f1xx_hal.o(i.HAL_InitTick)
    i.HAL_MspInit                            0x08000f58   Section        0  stm32f1xx_hal_msp.o(i.HAL_MspInit)
    i.HAL_NVIC_EnableIRQ                     0x08000fa0   Section        0  stm32f1xx_hal_cortex.o(i.HAL_NVIC_EnableIRQ)
    i.HAL_NVIC_SetPriority                   0x08000fbc   Section        0  stm32f1xx_hal_cortex.o(i.HAL_NVIC_SetPriority)
    i.HAL_NVIC_SetPriorityGrouping           0x08000ffc   Section        0  stm32f1xx_hal_cortex.o(i.HAL_NVIC_SetPriorityGrouping)
    i.HAL_RCCEx_PeriphCLKConfig              0x08001020   Section        0  stm32f1xx_hal_rcc_ex.o(i.HAL_RCCEx_PeriphCLKConfig)
    i.HAL_RCC_ClockConfig                    0x0800110c   Section        0  stm32f1xx_hal_rcc.o(i.HAL_RCC_ClockConfig)
    i.HAL_RCC_GetPCLK1Freq                   0x08001238   Section        0  stm32f1xx_hal_rcc.o(i.HAL_RCC_GetPCLK1Freq)
    i.HAL_RCC_GetPCLK2Freq                   0x08001258   Section        0  stm32f1xx_hal_rcc.o(i.HAL_RCC_GetPCLK2Freq)
    i.HAL_RCC_GetSysClockFreq                0x08001278   Section        0  stm32f1xx_hal_rcc.o(i.HAL_RCC_GetSysClockFreq)
    i.HAL_RCC_OscConfig                      0x080012c4   Section        0  stm32f1xx_hal_rcc.o(i.HAL_RCC_OscConfig)
    i.HAL_SYSTICK_Config                     0x080015e4   Section        0  stm32f1xx_hal_cortex.o(i.HAL_SYSTICK_Config)
    i.HAL_UART_Init                          0x0800160c   Section        0  stm32f1xx_hal_uart.o(i.HAL_UART_Init)
    i.HAL_UART_MspInit                       0x08001670   Section        0  usart.o(i.HAL_UART_MspInit)
    i.HAL_UART_Transmit_IT                   0x0800172c   Section        0  stm32f1xx_hal_uart.o(i.HAL_UART_Transmit_IT)
    i.HardFault_Handler                      0x0800175e   Section        0  stm32f1xx_it.o(i.HardFault_Handler)
    i.MX_ADC1_Init                           0x08001760   Section        0  adc.o(i.MX_ADC1_Init)
    i.MX_DMA_Init                            0x08001804   Section        0  dma.o(i.MX_DMA_Init)
    i.MX_FREERTOS_Init                       0x08001830   Section        0  freertos.o(i.MX_FREERTOS_Init)
    i.MX_GPIO_Init                           0x08001884   Section        0  gpio.o(i.MX_GPIO_Init)
    i.MX_USART1_UART_Init                    0x08001954   Section        0  usart.o(i.MX_USART1_UART_Init)
    i.MX_USART3_UART_Init                    0x0800198c   Section        0  usart.o(i.MX_USART3_UART_Init)
    i.MemManage_Handler                      0x080019c4   Section        0  stm32f1xx_it.o(i.MemManage_Handler)
    i.NMI_Handler                            0x080019c6   Section        0  stm32f1xx_it.o(i.NMI_Handler)
    i.StartDefaultTask                       0x080019c8   Section        0  freertos.o(i.StartDefaultTask)
    i.StartTask02                            0x080019d0   Section        0  freertos.o(i.StartTask02)
    i.StartTask03                            0x08001b38   Section        0  freertos.o(i.StartTask03)
    i.SysTick_Handler                        0x08001c04   Section        0  stm32f1xx_it.o(i.SysTick_Handler)
    i.SystemClock_Config                     0x08001c1c   Section        0  main.o(i.SystemClock_Config)
    i.SystemInit                             0x08001c84   Section        0  system_stm32f1xx.o(i.SystemInit)
    i.UART_SetConfig                         0x08001c88   Section        0  stm32f1xx_hal_uart.o(i.UART_SetConfig)
    UART_SetConfig                           0x08001c89   Thumb Code   178  stm32f1xx_hal_uart.o(i.UART_SetConfig)
    i.UsageFault_Handler                     0x08001d40   Section        0  stm32f1xx_it.o(i.UsageFault_Handler)
    i.__NVIC_SetPriority                     0x08001d42   Section        0  stm32f1xx_hal_cortex.o(i.__NVIC_SetPriority)
    __NVIC_SetPriority                       0x08001d43   Thumb Code    32  stm32f1xx_hal_cortex.o(i.__NVIC_SetPriority)
    i.hc4051_init                            0x08001d62   Section        0  hc4051.o(i.hc4051_init)
    i.hc4051_selectChannel                   0x08001d6c   Section        0  hc4051.o(i.hc4051_selectChannel)
    i.main                                   0x08001d8e   Section        0  main.o(i.main)
    i.makeFreeRtosPriority                   0x08001db4   Section        0  cmsis_os.o(i.makeFreeRtosPriority)
    makeFreeRtosPriority                     0x08001db5   Thumb Code    12  cmsis_os.o(i.makeFreeRtosPriority)
    i.osDelay                                0x08001dc0   Section        0  cmsis_os.o(i.osDelay)
    i.osKernelStart                          0x08001dce   Section        0  cmsis_os.o(i.osKernelStart)
    i.osThreadCreate                         0x08001dd8   Section        0  cmsis_os.o(i.osThreadCreate)
    i.prvAddCurrentTaskToDelayedList         0x08001e2c   Section        0  tasks.o(i.prvAddCurrentTaskToDelayedList)
    prvAddCurrentTaskToDelayedList           0x08001e2d   Thumb Code   102  tasks.o(i.prvAddCurrentTaskToDelayedList)
    i.prvAddNewTaskToReadyList               0x08001e9c   Section        0  tasks.o(i.prvAddNewTaskToReadyList)
    prvAddNewTaskToReadyList                 0x08001e9d   Thumb Code   194  tasks.o(i.prvAddNewTaskToReadyList)
    i.prvDeleteTCB                           0x08001f6c   Section        0  tasks.o(i.prvDeleteTCB)
    prvDeleteTCB                             0x08001f6d   Thumb Code    52  tasks.o(i.prvDeleteTCB)
    i.prvHeapInit                            0x08001fa0   Section        0  heap_4.o(i.prvHeapInit)
    prvHeapInit                              0x08001fa1   Thumb Code    66  heap_4.o(i.prvHeapInit)
    i.prvIdleTask                            0x08001fec   Section        0  tasks.o(i.prvIdleTask)
    prvIdleTask                              0x08001fed   Thumb Code    82  tasks.o(i.prvIdleTask)
    i.prvInitialiseNewTask                   0x0800204c   Section        0  tasks.o(i.prvInitialiseNewTask)
    prvInitialiseNewTask                     0x0800204d   Thumb Code   152  tasks.o(i.prvInitialiseNewTask)
    i.prvInsertBlockIntoFreeList             0x080020e4   Section        0  heap_4.o(i.prvInsertBlockIntoFreeList)
    prvInsertBlockIntoFreeList               0x080020e5   Thumb Code    72  heap_4.o(i.prvInsertBlockIntoFreeList)
    i.prvResetNextTaskUnblockTime            0x08002130   Section        0  tasks.o(i.prvResetNextTaskUnblockTime)
    prvResetNextTaskUnblockTime              0x08002131   Thumb Code    26  tasks.o(i.prvResetNextTaskUnblockTime)
    i.prvTaskExitError                       0x08002150   Section        0  port.o(i.prvTaskExitError)
    prvTaskExitError                         0x08002151   Thumb Code    36  port.o(i.prvTaskExitError)
    i.pvPortMalloc                           0x08002178   Section        0  heap_4.o(i.pvPortMalloc)
    i.pxPortInitialiseStack                  0x08002254   Section        0  port.o(i.pxPortInitialiseStack)
    i.set_ic1_s0                             0x08002278   Section        0  freertos.o(i.set_ic1_s0)
    i.set_ic1_s1                             0x08002288   Section        0  freertos.o(i.set_ic1_s1)
    i.set_ic1_s2                             0x08002298   Section        0  freertos.o(i.set_ic1_s2)
    i.set_ic2_s0                             0x080022a8   Section        0  freertos.o(i.set_ic2_s0)
    i.set_ic2_s1                             0x080022b8   Section        0  freertos.o(i.set_ic2_s1)
    i.set_ic2_s2                             0x080022c8   Section        0  freertos.o(i.set_ic2_s2)
    i.set_ic3_s0                             0x080022d8   Section        0  freertos.o(i.set_ic3_s0)
    i.set_ic3_s1                             0x080022e8   Section        0  freertos.o(i.set_ic3_s1)
    i.set_ic3_s2                             0x080022f8   Section        0  freertos.o(i.set_ic3_s2)
    i.set_ic4_s0                             0x08002308   Section        0  freertos.o(i.set_ic4_s0)
    i.set_ic4_s1                             0x08002318   Section        0  freertos.o(i.set_ic4_s1)
    i.set_ic4_s2                             0x08002328   Section        0  freertos.o(i.set_ic4_s2)
    i.set_ic5_s0                             0x08002338   Section        0  freertos.o(i.set_ic5_s0)
    i.set_ic5_s1                             0x08002348   Section        0  freertos.o(i.set_ic5_s1)
    i.set_ic5_s2                             0x08002358   Section        0  freertos.o(i.set_ic5_s2)
    i.uxListRemove                           0x08002368   Section        0  list.o(i.uxListRemove)
    i.vApplicationGetIdleTaskMemory          0x08002390   Section        0  freertos.o(i.vApplicationGetIdleTaskMemory)
    i.vListInitialise                        0x080023a4   Section        0  list.o(i.vListInitialise)
    i.vListInitialiseItem                    0x080023ba   Section        0  list.o(i.vListInitialiseItem)
    i.vListInsert                            0x080023c0   Section        0  list.o(i.vListInsert)
    i.vListInsertEnd                         0x080023f0   Section        0  list.o(i.vListInsertEnd)
    i.vPortEnterCritical                     0x08002408   Section        0  port.o(i.vPortEnterCritical)
    i.vPortExitCritical                      0x08002448   Section        0  port.o(i.vPortExitCritical)
    i.vPortFree                              0x08002470   Section        0  heap_4.o(i.vPortFree)
    i.vPortSetupTimerInterrupt               0x080024d4   Section        0  port.o(i.vPortSetupTimerInterrupt)
    i.vTaskDelay                             0x080024f8   Section        0  tasks.o(i.vTaskDelay)
    i.vTaskStartScheduler                    0x08002544   Section        0  tasks.o(i.vTaskStartScheduler)
    i.vTaskSuspendAll                        0x080025b0   Section        0  tasks.o(i.vTaskSuspendAll)
    i.vTaskSwitchContext                     0x080025c0   Section        0  tasks.o(i.vTaskSwitchContext)
    i.xPortStartScheduler                    0x0800261c   Section        0  port.o(i.xPortStartScheduler)
    i.xPortSysTickHandler                    0x080026c4   Section        0  port.o(i.xPortSysTickHandler)
    i.xTaskCreate                            0x080026f0   Section        0  tasks.o(i.xTaskCreate)
    i.xTaskCreateStatic                      0x0800274a   Section        0  tasks.o(i.xTaskCreateStatic)
    i.xTaskGetSchedulerState                 0x080027a0   Section        0  tasks.o(i.xTaskGetSchedulerState)
    i.xTaskIncrementTick                     0x080027bc   Section        0  tasks.o(i.xTaskIncrementTick)
    i.xTaskResumeAll                         0x08002888   Section        0  tasks.o(i.xTaskResumeAll)
    .constdata                               0x0800294c   Section       84  freertos.o(.constdata)
    .constdata                               0x080029a0   Section       18  stm32f1xx_hal_rcc.o(.constdata)
    aPredivFactorTable                       0x080029a0   Data           2  stm32f1xx_hal_rcc.o(.constdata)
    aPLLMULFactorTable                       0x080029a2   Data          16  stm32f1xx_hal_rcc.o(.constdata)
    .constdata                               0x080029b2   Section       16  system_stm32f1xx.o(.constdata)
    .constdata                               0x080029c2   Section        8  system_stm32f1xx.o(.constdata)
    .conststring                             0x080029cc   Section      140  freertos.o(.conststring)
    .data                                    0x20000000   Section       12  freertos.o(.data)
    .data                                    0x2000000c   Section       12  stm32f1xx_hal.o(.data)
    .data                                    0x20000018   Section        4  system_stm32f1xx.o(.data)
    .data                                    0x2000001c   Section       60  tasks.o(.data)
    uxDeletedTasksWaitingCleanUp             0x20000020   Data           4  tasks.o(.data)
    uxCurrentNumberOfTasks                   0x20000024   Data           4  tasks.o(.data)
    xTickCount                               0x20000028   Data           4  tasks.o(.data)
    uxTopReadyPriority                       0x2000002c   Data           4  tasks.o(.data)
    xSchedulerRunning                        0x20000030   Data           4  tasks.o(.data)
    xPendedTicks                             0x20000034   Data           4  tasks.o(.data)
    xYieldPending                            0x20000038   Data           4  tasks.o(.data)
    xNumOfOverflows                          0x2000003c   Data           4  tasks.o(.data)
    uxTaskNumber                             0x20000040   Data           4  tasks.o(.data)
    xNextTaskUnblockTime                     0x20000044   Data           4  tasks.o(.data)
    xIdleTaskHandle                          0x20000048   Data           4  tasks.o(.data)
    uxSchedulerSuspended                     0x2000004c   Data           4  tasks.o(.data)
    pxDelayedTaskList                        0x20000050   Data           4  tasks.o(.data)
    pxOverflowDelayedTaskList                0x20000054   Data           4  tasks.o(.data)
    .data                                    0x20000058   Section       32  heap_4.o(.data)
    pxEnd                                    0x20000058   Data           4  heap_4.o(.data)
    xFreeBytesRemaining                      0x2000005c   Data           4  heap_4.o(.data)
    xMinimumEverFreeBytesRemaining           0x20000060   Data           4  heap_4.o(.data)
    xNumberOfSuccessfulAllocations           0x20000064   Data           4  heap_4.o(.data)
    xNumberOfSuccessfulFrees                 0x20000068   Data           4  heap_4.o(.data)
    xBlockAllocatedBit                       0x2000006c   Data           4  heap_4.o(.data)
    xStart                                   0x20000070   Data           8  heap_4.o(.data)
    .data                                    0x20000078   Section       12  port.o(.data)
    ucMaxSysCallPriority                     0x20000078   Data           1  port.o(.data)
    uxCriticalNesting                        0x2000007c   Data           4  port.o(.data)
    ulMaxPRIGROUPValue                       0x20000080   Data           4  port.o(.data)
    .bss                                     0x20000084   Section     2280  main.o(.bss)
    .bss                                     0x2000096c   Section      512  freertos.o(.bss)
    .bss                                     0x20000b6c   Section       84  freertos.o(.bss)
    .bss                                     0x20000bc0   Section      512  freertos.o(.bss)
    .bss                                     0x20000dc0   Section       84  freertos.o(.bss)
    .bss                                     0x20000e14   Section      596  freertos.o(.bss)
    xIdleTaskTCBBuffer                       0x20000e14   Data          84  freertos.o(.bss)
    xIdleStack                               0x20000e68   Data         512  freertos.o(.bss)
    .bss                                     0x20001068   Section      116  adc.o(.bss)
    .bss                                     0x200010dc   Section      144  usart.o(.bss)
    .bss                                     0x2000116c   Section      240  tasks.o(.bss)
    pxReadyTasksLists                        0x2000116c   Data         140  tasks.o(.bss)
    xDelayedTaskList1                        0x200011f8   Data          20  tasks.o(.bss)
    xDelayedTaskList2                        0x2000120c   Data          20  tasks.o(.bss)
    xPendingReadyList                        0x20001220   Data          20  tasks.o(.bss)
    xTasksWaitingTermination                 0x20001234   Data          20  tasks.o(.bss)
    xSuspendedTaskList                       0x20001248   Data          20  tasks.o(.bss)
    .bss                                     0x2000125c   Section     3072  heap_4.o(.bss)
    ucHeap                                   0x2000125c   Data        3072  heap_4.o(.bss)
    .bss                                     0x20001e5c   Section       16  hc4051.o(.bss)
    .bss                                     0x20001e6c   Section       16  hc4051.o(.bss)
    .bss                                     0x20001e7c   Section       16  hc4051.o(.bss)
    .bss                                     0x20001e8c   Section       16  hc4051.o(.bss)
    .bss                                     0x20001e9c   Section       16  hc4051.o(.bss)
    .bss                                     0x20001eac   Section       96  libspace.o(.bss)
    HEAP                                     0x20001f10   Section      512  startup_stm32f103xb.o(HEAP)
    Heap_Mem                                 0x20001f10   Data         512  startup_stm32f103xb.o(HEAP)
    STACK                                    0x20002110   Section     1024  startup_stm32f103xb.o(STACK)
    Stack_Mem                                0x20002110   Data        1024  startup_stm32f103xb.o(STACK)
    __initial_sp                             0x20002510   Data           0  startup_stm32f103xb.o(STACK)

    Global Symbols

    Symbol Name                              Value     Ov Type        Size  Object(Section)

    BuildAttributes$$THM_ISAv4$P$D$K$B$S$PE$A:L22UL41UL21$X:L11$S22US41US21$IEEE1$IW$USESV6$~STKCKD$USESV7$~SHL$OSPACE$ROPI$EBA8$UX$STANDARDLIB$REQ8$PRES8$EABIv2 0x00000000   Number         0  anon$$obj.o ABSOLUTE
    __ARM_use_no_argv                        0x00000000   Number         0  main.o ABSOLUTE
    __ARM_exceptions_init                     - Undefined Weak Reference
    __alloca_initialize                       - Undefined Weak Reference
    __arm_fini_                               - Undefined Weak Reference
    __arm_preinit_                            - Undefined Weak Reference
    __cpp_initialize__aeabi_                  - Undefined Weak Reference
    __cxa_finalize                            - Undefined Weak Reference
    __rt_locale                               - Undefined Weak Reference
    __sigvec_lookup                           - Undefined Weak Reference
    _atexit_init                              - Undefined Weak Reference
    _call_atexit_fns                          - Undefined Weak Reference
    _clock_init                               - Undefined Weak Reference
    _fp_trap_init                             - Undefined Weak Reference
    _fp_trap_shutdown                         - Undefined Weak Reference
    _get_lc_collate                           - Undefined Weak Reference
    _get_lc_ctype                             - Undefined Weak Reference
    _get_lc_monetary                          - Undefined Weak Reference
    _get_lc_numeric                           - Undefined Weak Reference
    _get_lc_time                              - Undefined Weak Reference
    _getenv_init                              - Undefined Weak Reference
    _handle_redirection                       - Undefined Weak Reference
    _init_alloc                               - Undefined Weak Reference
    _init_user_alloc                          - Undefined Weak Reference
    _initio                                   - Undefined Weak Reference
    _printf_post_padding                      - Undefined Weak Reference
    _printf_pre_padding                       - Undefined Weak Reference
    _printf_truncate_signed                   - Undefined Weak Reference
    _printf_truncate_unsigned                 - Undefined Weak Reference
    _rand_init                                - Undefined Weak Reference
    _signal_finish                            - Undefined Weak Reference
    _signal_init                              - Undefined Weak Reference
    _terminate_alloc                          - Undefined Weak Reference
    _terminate_user_alloc                     - Undefined Weak Reference
    _terminateio                              - Undefined Weak Reference
    __Vectors_Size                           0x000000ec   Number         0  startup_stm32f103xb.o ABSOLUTE
    __Vectors                                0x08000000   Data           4  startup_stm32f103xb.o(RESET)
    __Vectors_End                            0x080000ec   Data           0  startup_stm32f103xb.o(RESET)
    __main                                   0x080000ed   Thumb Code     8  __main.o(!!!main)
    __scatterload                            0x080000f5   Thumb Code     0  __scatter.o(!!!scatter)
    __scatterload_rt2                        0x080000f5   Thumb Code    44  __scatter.o(!!!scatter)
    __scatterload_rt2_thumb_only             0x080000f5   Thumb Code     0  __scatter.o(!!!scatter)
    __scatterload_null                       0x08000103   Thumb Code     0  __scatter.o(!!!scatter)
    __scatterload_copy                       0x08000129   Thumb Code    26  __scatter_copy.o(!!handler_copy)
    __scatterload_zeroinit                   0x08000145   Thumb Code    28  __scatter_zi.o(!!handler_zi)
    _printf_d                                0x08000161   Thumb Code     0  _printf_d.o(.ARM.Collect$$_printf_percent$$00000009)
    _printf_percent                          0x08000161   Thumb Code     0  _printf_percent.o(.ARM.Collect$$_printf_percent$$00000000)
    _printf_percent_end                      0x08000167   Thumb Code     0  _printf_percent_end.o(.ARM.Collect$$_printf_percent$$00000017)
    __rt_lib_init                            0x0800016b   Thumb Code     0  libinit.o(.ARM.Collect$$libinit$$00000000)
    __rt_lib_init_alloca_1                   0x0800016d   Thumb Code     0  libinit2.o(.ARM.Collect$$libinit$$0000002E)
    __rt_lib_init_argv_1                     0x0800016d   Thumb Code     0  libinit2.o(.ARM.Collect$$libinit$$0000002C)
    __rt_lib_init_atexit_1                   0x0800016d   Thumb Code     0  libinit2.o(.ARM.Collect$$libinit$$0000001B)
    __rt_lib_init_clock_1                    0x0800016d   Thumb Code     0  libinit2.o(.ARM.Collect$$libinit$$00000021)
    __rt_lib_init_cpp_1                      0x0800016d   Thumb Code     0  libinit2.o(.ARM.Collect$$libinit$$00000032)
    __rt_lib_init_exceptions_1               0x0800016d   Thumb Code     0  libinit2.o(.ARM.Collect$$libinit$$00000030)
    __rt_lib_init_fp_1                       0x0800016d   Thumb Code     0  libinit2.o(.ARM.Collect$$libinit$$00000002)
    __rt_lib_init_fp_trap_1                  0x0800016d   Thumb Code     0  libinit2.o(.ARM.Collect$$libinit$$0000001F)
    __rt_lib_init_getenv_1                   0x0800016d   Thumb Code     0  libinit2.o(.ARM.Collect$$libinit$$00000023)
    __rt_lib_init_heap_1                     0x0800016d   Thumb Code     0  libinit2.o(.ARM.Collect$$libinit$$0000000A)
    __rt_lib_init_lc_collate_1               0x0800016d   Thumb Code     0  libinit2.o(.ARM.Collect$$libinit$$00000011)
    __rt_lib_init_lc_ctype_1                 0x0800016d   Thumb Code     0  libinit2.o(.ARM.Collect$$libinit$$00000013)
    __rt_lib_init_lc_monetary_1              0x0800016d   Thumb Code     0  libinit2.o(.ARM.Collect$$libinit$$00000015)
    __rt_lib_init_lc_numeric_1               0x0800016d   Thumb Code     0  libinit2.o(.ARM.Collect$$libinit$$00000017)
    __rt_lib_init_lc_time_1                  0x0800016d   Thumb Code     0  libinit2.o(.ARM.Collect$$libinit$$00000019)
    __rt_lib_init_preinit_1                  0x0800016d   Thumb Code     0  libinit2.o(.ARM.Collect$$libinit$$00000004)
    __rt_lib_init_rand_1                     0x0800016d   Thumb Code     0  libinit2.o(.ARM.Collect$$libinit$$0000000E)
    __rt_lib_init_return                     0x0800016d   Thumb Code     0  libinit2.o(.ARM.Collect$$libinit$$00000033)
    __rt_lib_init_signal_1                   0x0800016d   Thumb Code     0  libinit2.o(.ARM.Collect$$libinit$$0000001D)
    __rt_lib_init_stdio_1                    0x0800016d   Thumb Code     0  libinit2.o(.ARM.Collect$$libinit$$00000025)
    __rt_lib_init_user_alloc_1               0x0800016d   Thumb Code     0  libinit2.o(.ARM.Collect$$libinit$$0000000C)
    __rt_lib_shutdown                        0x0800016f   Thumb Code     0  libshutdown.o(.ARM.Collect$$libshutdown$$00000000)
    __rt_lib_shutdown_cpp_1                  0x08000171   Thumb Code     0  libshutdown2.o(.ARM.Collect$$libshutdown$$00000004)
    __rt_lib_shutdown_fini_1                 0x08000171   Thumb Code     0  libshutdown2.o(.ARM.Collect$$libshutdown$$00000002)
    __rt_lib_shutdown_fp_trap_1              0x08000171   Thumb Code     0  libshutdown2.o(.ARM.Collect$$libshutdown$$00000009)
    __rt_lib_shutdown_heap_1                 0x08000171   Thumb Code     0  libshutdown2.o(.ARM.Collect$$libshutdown$$00000011)
    __rt_lib_shutdown_return                 0x08000171   Thumb Code     0  libshutdown2.o(.ARM.Collect$$libshutdown$$00000012)
    __rt_lib_shutdown_signal_1               0x08000171   Thumb Code     0  libshutdown2.o(.ARM.Collect$$libshutdown$$0000000C)
    __rt_lib_shutdown_stdio_1                0x08000171   Thumb Code     0  libshutdown2.o(.ARM.Collect$$libshutdown$$00000006)
    __rt_lib_shutdown_user_alloc_1           0x08000171   Thumb Code     0  libshutdown2.o(.ARM.Collect$$libshutdown$$0000000E)
    __rt_entry                               0x08000173   Thumb Code     0  __rtentry.o(.ARM.Collect$$rtentry$$00000000)
    __rt_entry_presh_1                       0x08000173   Thumb Code     0  __rtentry2.o(.ARM.Collect$$rtentry$$00000002)
    __rt_entry_sh                            0x08000173   Thumb Code     0  __rtentry4.o(.ARM.Collect$$rtentry$$00000004)
    __rt_entry_li                            0x08000179   Thumb Code     0  __rtentry2.o(.ARM.Collect$$rtentry$$0000000A)
    __rt_entry_postsh_1                      0x08000179   Thumb Code     0  __rtentry2.o(.ARM.Collect$$rtentry$$00000009)
    __rt_entry_main                          0x0800017d   Thumb Code     0  __rtentry2.o(.ARM.Collect$$rtentry$$0000000D)
    __rt_entry_postli_1                      0x0800017d   Thumb Code     0  __rtentry2.o(.ARM.Collect$$rtentry$$0000000C)
    __rt_exit                                0x08000185   Thumb Code     0  rtexit.o(.ARM.Collect$$rtexit$$00000000)
    __rt_exit_ls                             0x08000187   Thumb Code     0  rtexit2.o(.ARM.Collect$$rtexit$$00000003)
    __rt_exit_prels_1                        0x08000187   Thumb Code     0  rtexit2.o(.ARM.Collect$$rtexit$$00000002)
    __rt_exit_exit                           0x0800018b   Thumb Code     0  rtexit2.o(.ARM.Collect$$rtexit$$00000004)
    SVC_Handler                              0x08000191   Thumb Code    32  port.o(.emb_text)
    __asm___6_port_c_39a90d8d__prvStartFirstTask 0x080001b5   Thumb Code    28  port.o(.emb_text)
    PendSV_Handler                           0x080001d5   Thumb Code    72  port.o(.emb_text)
    vPortGetIPSR                             0x08000221   Thumb Code     6  port.o(.emb_text)
    Reset_Handler                            0x08000229   Thumb Code     8  startup_stm32f103xb.o(.text)
    ADC1_2_IRQHandler                        0x08000243   Thumb Code     0  startup_stm32f103xb.o(.text)
    CAN1_RX1_IRQHandler                      0x08000243   Thumb Code     0  startup_stm32f103xb.o(.text)
    CAN1_SCE_IRQHandler                      0x08000243   Thumb Code     0  startup_stm32f103xb.o(.text)
    DMA1_Channel2_IRQHandler                 0x08000243   Thumb Code     0  startup_stm32f103xb.o(.text)
    DMA1_Channel3_IRQHandler                 0x08000243   Thumb Code     0  startup_stm32f103xb.o(.text)
    DMA1_Channel4_IRQHandler                 0x08000243   Thumb Code     0  startup_stm32f103xb.o(.text)
    DMA1_Channel5_IRQHandler                 0x08000243   Thumb Code     0  startup_stm32f103xb.o(.text)
    DMA1_Channel6_IRQHandler                 0x08000243   Thumb Code     0  startup_stm32f103xb.o(.text)
    DMA1_Channel7_IRQHandler                 0x08000243   Thumb Code     0  startup_stm32f103xb.o(.text)
    EXTI0_IRQHandler                         0x08000243   Thumb Code     0  startup_stm32f103xb.o(.text)
    EXTI15_10_IRQHandler                     0x08000243   Thumb Code     0  startup_stm32f103xb.o(.text)
    EXTI1_IRQHandler                         0x08000243   Thumb Code     0  startup_stm32f103xb.o(.text)
    EXTI2_IRQHandler                         0x08000243   Thumb Code     0  startup_stm32f103xb.o(.text)
    EXTI3_IRQHandler                         0x08000243   Thumb Code     0  startup_stm32f103xb.o(.text)
    EXTI4_IRQHandler                         0x08000243   Thumb Code     0  startup_stm32f103xb.o(.text)
    EXTI9_5_IRQHandler                       0x08000243   Thumb Code     0  startup_stm32f103xb.o(.text)
    FLASH_IRQHandler                         0x08000243   Thumb Code     0  startup_stm32f103xb.o(.text)
    I2C1_ER_IRQHandler                       0x08000243   Thumb Code     0  startup_stm32f103xb.o(.text)
    I2C1_EV_IRQHandler                       0x08000243   Thumb Code     0  startup_stm32f103xb.o(.text)
    I2C2_ER_IRQHandler                       0x08000243   Thumb Code     0  startup_stm32f103xb.o(.text)
    I2C2_EV_IRQHandler                       0x08000243   Thumb Code     0  startup_stm32f103xb.o(.text)
    PVD_IRQHandler                           0x08000243   Thumb Code     0  startup_stm32f103xb.o(.text)
    RCC_IRQHandler                           0x08000243   Thumb Code     0  startup_stm32f103xb.o(.text)
    RTC_Alarm_IRQHandler                     0x08000243   Thumb Code     0  startup_stm32f103xb.o(.text)
    RTC_IRQHandler                           0x08000243   Thumb Code     0  startup_stm32f103xb.o(.text)
    SPI1_IRQHandler                          0x08000243   Thumb Code     0  startup_stm32f103xb.o(.text)
    SPI2_IRQHandler                          0x08000243   Thumb Code     0  startup_stm32f103xb.o(.text)
    TAMPER_IRQHandler                        0x08000243   Thumb Code     0  startup_stm32f103xb.o(.text)
    TIM1_BRK_IRQHandler                      0x08000243   Thumb Code     0  startup_stm32f103xb.o(.text)
    TIM1_CC_IRQHandler                       0x08000243   Thumb Code     0  startup_stm32f103xb.o(.text)
    TIM1_TRG_COM_IRQHandler                  0x08000243   Thumb Code     0  startup_stm32f103xb.o(.text)
    TIM1_UP_IRQHandler                       0x08000243   Thumb Code     0  startup_stm32f103xb.o(.text)
    TIM2_IRQHandler                          0x08000243   Thumb Code     0  startup_stm32f103xb.o(.text)
    TIM3_IRQHandler                          0x08000243   Thumb Code     0  startup_stm32f103xb.o(.text)
    TIM4_IRQHandler                          0x08000243   Thumb Code     0  startup_stm32f103xb.o(.text)
    USART1_IRQHandler                        0x08000243   Thumb Code     0  startup_stm32f103xb.o(.text)
    USART2_IRQHandler                        0x08000243   Thumb Code     0  startup_stm32f103xb.o(.text)
    USART3_IRQHandler                        0x08000243   Thumb Code     0  startup_stm32f103xb.o(.text)
    USBWakeUp_IRQHandler                     0x08000243   Thumb Code     0  startup_stm32f103xb.o(.text)
    USB_HP_CAN1_TX_IRQHandler                0x08000243   Thumb Code     0  startup_stm32f103xb.o(.text)
    USB_LP_CAN1_RX0_IRQHandler               0x08000243   Thumb Code     0  startup_stm32f103xb.o(.text)
    WWDG_IRQHandler                          0x08000243   Thumb Code     0  startup_stm32f103xb.o(.text)
    __user_initial_stackheap                 0x08000245   Thumb Code     0  startup_stm32f103xb.o(.text)
    __2sprintf                               0x08000269   Thumb Code    34  noretval__2sprintf.o(.text)
    __printf                                 0x08000291   Thumb Code   104  __printf.o(.text)
    _printf_int_dec                          0x080002f9   Thumb Code   104  _printf_dec.o(.text)
    __aeabi_memcpy4                          0x08000371   Thumb Code     0  rt_memcpy_w.o(.text)
    __aeabi_memcpy8                          0x08000371   Thumb Code     0  rt_memcpy_w.o(.text)
    __rt_memcpy_w                            0x08000371   Thumb Code   100  rt_memcpy_w.o(.text)
    _memcpy_lastbytes_aligned                0x080003b9   Thumb Code     0  rt_memcpy_w.o(.text)
    __aeabi_memclr4                          0x080003d5   Thumb Code     0  rt_memclr_w.o(.text)
    __aeabi_memclr8                          0x080003d5   Thumb Code     0  rt_memclr_w.o(.text)
    __rt_memclr_w                            0x080003d5   Thumb Code    78  rt_memclr_w.o(.text)
    _memset_w                                0x080003d9   Thumb Code     0  rt_memclr_w.o(.text)
    __use_two_region_memory                  0x08000423   Thumb Code     2  heapauxi.o(.text)
    __rt_heap_escrow$2region                 0x08000425   Thumb Code     2  heapauxi.o(.text)
    __rt_heap_expand$2region                 0x08000427   Thumb Code     2  heapauxi.o(.text)
    _printf_int_common                       0x08000429   Thumb Code   178  _printf_intcommon.o(.text)
    _printf_char_common                      0x080004e7   Thumb Code    32  _printf_char_common.o(.text)
    _sputc                                   0x0800050d   Thumb Code    10  _sputc.o(.text)
    __user_setup_stackheap                   0x08000517   Thumb Code    74  sys_stackheap_outer.o(.text)
    exit                                     0x08000561   Thumb Code    18  exit.o(.text)
    __user_libspace                          0x08000575   Thumb Code     8  libspace.o(.text)
    __user_perproc_libspace                  0x08000575   Thumb Code     0  libspace.o(.text)
    __user_perthread_libspace                0x08000575   Thumb Code     0  libspace.o(.text)
    _sys_exit                                0x0800057d   Thumb Code     8  sys_exit.o(.text)
    __I$use$semihosting                      0x08000589   Thumb Code     0  use_no_semi.o(.text)
    __use_no_semihosting_swi                 0x08000589   Thumb Code     2  use_no_semi.o(.text)
    __semihosting_library_function           0x0800058b   Thumb Code     0  indicate_semi.o(.text)
    ADC_ConversionStop_Disable               0x0800058d   Thumb Code    86  stm32f1xx_hal_adc.o(i.ADC_ConversionStop_Disable)
    ADC_DMAConvCplt                          0x080005e3   Thumb Code    78  stm32f1xx_hal_adc.o(i.ADC_DMAConvCplt)
    ADC_DMAError                             0x08000631   Thumb Code    26  stm32f1xx_hal_adc.o(i.ADC_DMAError)
    ADC_DMAHalfConvCplt                      0x0800064b   Thumb Code    10  stm32f1xx_hal_adc.o(i.ADC_DMAHalfConvCplt)
    ADC_Enable                               0x08000655   Thumb Code   114  stm32f1xx_hal_adc.o(i.ADC_Enable)
    BusFault_Handler                         0x080006d1   Thumb Code     2  stm32f1xx_it.o(i.BusFault_Handler)
    DMA1_Channel1_IRQHandler                 0x080006d5   Thumb Code     6  stm32f1xx_it.o(i.DMA1_Channel1_IRQHandler)
    DebugMon_Handler                         0x0800070b   Thumb Code     2  stm32f1xx_it.o(i.DebugMon_Handler)
    Error_Handler                            0x0800070d   Thumb Code     4  main.o(i.Error_Handler)
    HAL_ADC_ConfigChannel                    0x08000711   Thumb Code   240  stm32f1xx_hal_adc.o(i.HAL_ADC_ConfigChannel)
    HAL_ADC_ConvCpltCallback                 0x0800080d   Thumb Code     2  stm32f1xx_hal_adc.o(i.HAL_ADC_ConvCpltCallback)
    HAL_ADC_ConvHalfCpltCallback             0x0800080f   Thumb Code     2  stm32f1xx_hal_adc.o(i.HAL_ADC_ConvHalfCpltCallback)
    HAL_ADC_ErrorCallback                    0x08000811   Thumb Code     2  stm32f1xx_hal_adc.o(i.HAL_ADC_ErrorCallback)
    HAL_ADC_Init                             0x08000815   Thumb Code   272  stm32f1xx_hal_adc.o(i.HAL_ADC_Init)
    HAL_ADC_MspInit                          0x08000931   Thumb Code   122  adc.o(i.HAL_ADC_MspInit)
    HAL_ADC_Start_DMA                        0x080009c1   Thumb Code   246  stm32f1xx_hal_adc.o(i.HAL_ADC_Start_DMA)
    HAL_DMA_IRQHandler                       0x08000acd   Thumb Code   316  stm32f1xx_hal_dma.o(i.HAL_DMA_IRQHandler)
    HAL_DMA_Init                             0x08000c21   Thumb Code    84  stm32f1xx_hal_dma.o(i.HAL_DMA_Init)
    HAL_DMA_Start_IT                         0x08000c7d   Thumb Code   112  stm32f1xx_hal_dma.o(i.HAL_DMA_Start_IT)
    HAL_GPIO_Init                            0x08000ced   Thumb Code   446  stm32f1xx_hal_gpio.o(i.HAL_GPIO_Init)
    HAL_GPIO_WritePin                        0x08000ecd   Thumb Code    10  stm32f1xx_hal_gpio.o(i.HAL_GPIO_WritePin)
    HAL_GetTick                              0x08000ed9   Thumb Code     6  stm32f1xx_hal.o(i.HAL_GetTick)
    HAL_IncTick                              0x08000ee5   Thumb Code    12  stm32f1xx_hal.o(i.HAL_IncTick)
    HAL_Init                                 0x08000ef5   Thumb Code    32  stm32f1xx_hal.o(i.HAL_Init)
    HAL_InitTick                             0x08000f19   Thumb Code    54  stm32f1xx_hal.o(i.HAL_InitTick)
    HAL_MspInit                              0x08000f59   Thumb Code    62  stm32f1xx_hal_msp.o(i.HAL_MspInit)
    HAL_NVIC_EnableIRQ                       0x08000fa1   Thumb Code    26  stm32f1xx_hal_cortex.o(i.HAL_NVIC_EnableIRQ)
    HAL_NVIC_SetPriority                     0x08000fbd   Thumb Code    60  stm32f1xx_hal_cortex.o(i.HAL_NVIC_SetPriority)
    HAL_NVIC_SetPriorityGrouping             0x08000ffd   Thumb Code    26  stm32f1xx_hal_cortex.o(i.HAL_NVIC_SetPriorityGrouping)
    HAL_RCCEx_PeriphCLKConfig                0x08001021   Thumb Code   224  stm32f1xx_hal_rcc_ex.o(i.HAL_RCCEx_PeriphCLKConfig)
    HAL_RCC_ClockConfig                      0x0800110d   Thumb Code   280  stm32f1xx_hal_rcc.o(i.HAL_RCC_ClockConfig)
    HAL_RCC_GetPCLK1Freq                     0x08001239   Thumb Code    20  stm32f1xx_hal_rcc.o(i.HAL_RCC_GetPCLK1Freq)
    HAL_RCC_GetPCLK2Freq                     0x08001259   Thumb Code    20  stm32f1xx_hal_rcc.o(i.HAL_RCC_GetPCLK2Freq)
    HAL_RCC_GetSysClockFreq                  0x08001279   Thumb Code    58  stm32f1xx_hal_rcc.o(i.HAL_RCC_GetSysClockFreq)
    HAL_RCC_OscConfig                        0x080012c5   Thumb Code   778  stm32f1xx_hal_rcc.o(i.HAL_RCC_OscConfig)
    HAL_SYSTICK_Config                       0x080015e5   Thumb Code    40  stm32f1xx_hal_cortex.o(i.HAL_SYSTICK_Config)
    HAL_UART_Init                            0x0800160d   Thumb Code   100  stm32f1xx_hal_uart.o(i.HAL_UART_Init)
    HAL_UART_MspInit                         0x08001671   Thumb Code   166  usart.o(i.HAL_UART_MspInit)
    HAL_UART_Transmit_IT                     0x0800172d   Thumb Code    50  stm32f1xx_hal_uart.o(i.HAL_UART_Transmit_IT)
    HardFault_Handler                        0x0800175f   Thumb Code     2  stm32f1xx_it.o(i.HardFault_Handler)
    MX_ADC1_Init                             0x08001761   Thumb Code   154  adc.o(i.MX_ADC1_Init)
    MX_DMA_Init                              0x08001805   Thumb Code    40  dma.o(i.MX_DMA_Init)
    MX_FREERTOS_Init                         0x08001831   Thumb Code    74  freertos.o(i.MX_FREERTOS_Init)
    MX_GPIO_Init                             0x08001885   Thumb Code   192  gpio.o(i.MX_GPIO_Init)
    MX_USART1_UART_Init                      0x08001955   Thumb Code    48  usart.o(i.MX_USART1_UART_Init)
    MX_USART3_UART_Init                      0x0800198d   Thumb Code    48  usart.o(i.MX_USART3_UART_Init)
    MemManage_Handler                        0x080019c5   Thumb Code     2  stm32f1xx_it.o(i.MemManage_Handler)
    NMI_Handler                              0x080019c7   Thumb Code     2  stm32f1xx_it.o(i.NMI_Handler)
    StartDefaultTask                         0x080019c9   Thumb Code     8  freertos.o(i.StartDefaultTask)
    StartTask02                              0x080019d1   Thumb Code   270  freertos.o(i.StartTask02)
    StartTask03                              0x08001b39   Thumb Code   190  freertos.o(i.StartTask03)
    SysTick_Handler                          0x08001c05   Thumb Code    24  stm32f1xx_it.o(i.SysTick_Handler)
    SystemClock_Config                       0x08001c1d   Thumb Code   104  main.o(i.SystemClock_Config)
    SystemInit                               0x08001c85   Thumb Code     2  system_stm32f1xx.o(i.SystemInit)
    UsageFault_Handler                       0x08001d41   Thumb Code     2  stm32f1xx_it.o(i.UsageFault_Handler)
    hc4051_init                              0x08001d63   Thumb Code    10  hc4051.o(i.hc4051_init)
    hc4051_selectChannel                     0x08001d6d   Thumb Code    34  hc4051.o(i.hc4051_selectChannel)
    main                                     0x08001d8f   Thumb Code    38  main.o(i.main)
    osDelay                                  0x08001dc1   Thumb Code    14  cmsis_os.o(i.osDelay)
    osKernelStart                            0x08001dcf   Thumb Code    10  cmsis_os.o(i.osKernelStart)
    osThreadCreate                           0x08001dd9   Thumb Code    84  cmsis_os.o(i.osThreadCreate)
    pvPortMalloc                             0x08002179   Thumb Code   216  heap_4.o(i.pvPortMalloc)
    pxPortInitialiseStack                    0x08002255   Thumb Code    32  port.o(i.pxPortInitialiseStack)
    set_ic1_s0                               0x08002279   Thumb Code    10  freertos.o(i.set_ic1_s0)
    set_ic1_s1                               0x08002289   Thumb Code    10  freertos.o(i.set_ic1_s1)
    set_ic1_s2                               0x08002299   Thumb Code    10  freertos.o(i.set_ic1_s2)
    set_ic2_s0                               0x080022a9   Thumb Code    10  freertos.o(i.set_ic2_s0)
    set_ic2_s1                               0x080022b9   Thumb Code    10  freertos.o(i.set_ic2_s1)
    set_ic2_s2                               0x080022c9   Thumb Code    12  freertos.o(i.set_ic2_s2)
    set_ic3_s0                               0x080022d9   Thumb Code    10  freertos.o(i.set_ic3_s0)
    set_ic3_s1                               0x080022e9   Thumb Code    10  freertos.o(i.set_ic3_s1)
    set_ic3_s2                               0x080022f9   Thumb Code    10  freertos.o(i.set_ic3_s2)
    set_ic4_s0                               0x08002309   Thumb Code    12  freertos.o(i.set_ic4_s0)
    set_ic4_s1                               0x08002319   Thumb Code    12  freertos.o(i.set_ic4_s1)
    set_ic4_s2                               0x08002329   Thumb Code    12  freertos.o(i.set_ic4_s2)
    set_ic5_s0                               0x08002339   Thumb Code    12  freertos.o(i.set_ic5_s0)
    set_ic5_s1                               0x08002349   Thumb Code    12  freertos.o(i.set_ic5_s1)
    set_ic5_s2                               0x08002359   Thumb Code    12  freertos.o(i.set_ic5_s2)
    uxListRemove                             0x08002369   Thumb Code    38  list.o(i.uxListRemove)
    vApplicationGetIdleTaskMemory            0x08002391   Thumb Code    16  freertos.o(i.vApplicationGetIdleTaskMemory)
    vListInitialise                          0x080023a5   Thumb Code    22  list.o(i.vListInitialise)
    vListInitialiseItem                      0x080023bb   Thumb Code     6  list.o(i.vListInitialiseItem)
    vListInsert                              0x080023c1   Thumb Code    48  list.o(i.vListInsert)
    vListInsertEnd                           0x080023f1   Thumb Code    24  list.o(i.vListInsertEnd)
    vPortEnterCritical                       0x08002409   Thumb Code    54  port.o(i.vPortEnterCritical)
    vPortExitCritical                        0x08002449   Thumb Code    34  port.o(i.vPortExitCritical)
    vPortFree                                0x08002471   Thumb Code    94  heap_4.o(i.vPortFree)
    vPortSetupTimerInterrupt                 0x080024d5   Thumb Code    32  port.o(i.vPortSetupTimerInterrupt)
    vTaskDelay                               0x080024f9   Thumb Code    66  tasks.o(i.vTaskDelay)
    vTaskStartScheduler                      0x08002545   Thumb Code    90  tasks.o(i.vTaskStartScheduler)
    vTaskSuspendAll                          0x080025b1   Thumb Code    10  tasks.o(i.vTaskSuspendAll)
    vTaskSwitchContext                       0x080025c1   Thumb Code    82  tasks.o(i.vTaskSwitchContext)
    xPortStartScheduler                      0x0800261d   Thumb Code   154  port.o(i.xPortStartScheduler)
    xPortSysTickHandler                      0x080026c5   Thumb Code    38  port.o(i.xPortSysTickHandler)
    xTaskCreate                              0x080026f1   Thumb Code    90  tasks.o(i.xTaskCreate)
    xTaskCreateStatic                        0x0800274b   Thumb Code    86  tasks.o(i.xTaskCreateStatic)
    xTaskGetSchedulerState                   0x080027a1   Thumb Code    22  tasks.o(i.xTaskGetSchedulerState)
    xTaskIncrementTick                       0x080027bd   Thumb Code   194  tasks.o(i.xTaskIncrementTick)
    xTaskResumeAll                           0x08002889   Thumb Code   182  tasks.o(i.xTaskResumeAll)
    AHBPrescTable                            0x080029b2   Data          16  system_stm32f1xx.o(.constdata)
    APBPrescTable                            0x080029c2   Data           8  system_stm32f1xx.o(.constdata)
    Region$$Table$$Base                      0x08002a58   Number         0  anon$$obj.o(Region$$Table)
    Region$$Table$$Limit                     0x08002a78   Number         0  anon$$obj.o(Region$$Table)
    defaultTaskHandle                        0x20000000   Data           4  freertos.o(.data)
    scanADCHandle                            0x20000004   Data           4  freertos.o(.data)
    bleSendHandle                            0x20000008   Data           4  freertos.o(.data)
    uwTickFreq                               0x2000000c   Data           1  stm32f1xx_hal.o(.data)
    uwTickPrio                               0x20000010   Data           4  stm32f1xx_hal.o(.data)
    uwTick                                   0x20000014   Data           4  stm32f1xx_hal.o(.data)
    SystemCoreClock                          0x20000018   Data           4  system_stm32f1xx.o(.data)
    pxCurrentTCB                             0x2000001c   Data           4  tasks.o(.data)
    machine_state                            0x20000084   Data        2280  main.o(.bss)
    defaultTaskBuffer                        0x2000096c   Data         512  freertos.o(.bss)
    defaultTaskControlBlock                  0x20000b6c   Data          84  freertos.o(.bss)
    myTask03Buffer                           0x20000bc0   Data         512  freertos.o(.bss)
    myTask03ControlBlock                     0x20000dc0   Data          84  freertos.o(.bss)
    hadc1                                    0x20001068   Data          48  adc.o(.bss)
    hdma_adc1                                0x20001098   Data          68  adc.o(.bss)
    huart1                                   0x200010dc   Data          72  usart.o(.bss)
    huart3                                   0x20001124   Data          72  usart.o(.bss)
    HC4051_ic1                               0x20001e5c   Data          16  hc4051.o(.bss)
    HC4051_ic2                               0x20001e6c   Data          16  hc4051.o(.bss)
    HC4051_ic3                               0x20001e7c   Data          16  hc4051.o(.bss)
    HC4051_ic4                               0x20001e8c   Data          16  hc4051.o(.bss)
    HC4051_ic5                               0x20001e9c   Data          16  hc4051.o(.bss)
    __libspace_start                         0x20001eac   Data          96  libspace.o(.bss)
    __temporary_stack_top$libspace           0x20001f0c   Data           0  libspace.o(.bss)



==============================================================================

Memory Map of the image

  Image Entry point : 0x080000ed

  Load Region LR_IROM1 (Base: 0x08000000, Size: 0x00002afc, Max: 0x00010000, ABSOLUTE)

    Execution Region ER_IROM1 (Exec base: 0x08000000, Load base: 0x08000000, Size: 0x00002a78, Max: 0x00010000, ABSOLUTE)

    Exec Addr    Load Addr    Size         Type   Attr      Idx    E Section Name        Object

    0x08000000   0x08000000   0x000000ec   Data   RO            3    RESET               startup_stm32f103xb.o
    0x080000ec   0x080000ec   0x00000008   Code   RO         3699  * !!!main             c_w.l(__main.o)
    0x080000f4   0x080000f4   0x00000034   Code   RO         3869    !!!scatter          c_w.l(__scatter.o)
    0x08000128   0x08000128   0x0000001a   Code   RO         3871    !!handler_copy      c_w.l(__scatter_copy.o)
    0x08000142   0x08000142   0x00000002   PAD
    0x08000144   0x08000144   0x0000001c   Code   RO         3873    !!handler_zi        c_w.l(__scatter_zi.o)
    0x08000160   0x08000160   0x00000000   Code   RO         3688    .ARM.Collect$$_printf_percent$$00000000  c_w.l(_printf_percent.o)
    0x08000160   0x08000160   0x00000006   Code   RO         3687    .ARM.Collect$$_printf_percent$$00000009  c_w.l(_printf_d.o)
    0x08000166   0x08000166   0x00000004   Code   RO         3708    .ARM.Collect$$_printf_percent$$00000017  c_w.l(_printf_percent_end.o)
    0x0800016a   0x0800016a   0x00000002   Code   RO         3737    .ARM.Collect$$libinit$$00000000  c_w.l(libinit.o)
    0x0800016c   0x0800016c   0x00000000   Code   RO         3744    .ARM.Collect$$libinit$$00000002  c_w.l(libinit2.o)
    0x0800016c   0x0800016c   0x00000000   Code   RO         3746    .ARM.Collect$$libinit$$00000004  c_w.l(libinit2.o)
    0x0800016c   0x0800016c   0x00000000   Code   RO         3749    .ARM.Collect$$libinit$$0000000A  c_w.l(libinit2.o)
    0x0800016c   0x0800016c   0x00000000   Code   RO         3751    .ARM.Collect$$libinit$$0000000C  c_w.l(libinit2.o)
    0x0800016c   0x0800016c   0x00000000   Code   RO         3753    .ARM.Collect$$libinit$$0000000E  c_w.l(libinit2.o)
    0x0800016c   0x0800016c   0x00000000   Code   RO         3756    .ARM.Collect$$libinit$$00000011  c_w.l(libinit2.o)
    0x0800016c   0x0800016c   0x00000000   Code   RO         3758    .ARM.Collect$$libinit$$00000013  c_w.l(libinit2.o)
    0x0800016c   0x0800016c   0x00000000   Code   RO         3760    .ARM.Collect$$libinit$$00000015  c_w.l(libinit2.o)
    0x0800016c   0x0800016c   0x00000000   Code   RO         3762    .ARM.Collect$$libinit$$00000017  c_w.l(libinit2.o)
    0x0800016c   0x0800016c   0x00000000   Code   RO         3764    .ARM.Collect$$libinit$$00000019  c_w.l(libinit2.o)
    0x0800016c   0x0800016c   0x00000000   Code   RO         3766    .ARM.Collect$$libinit$$0000001B  c_w.l(libinit2.o)
    0x0800016c   0x0800016c   0x00000000   Code   RO         3768    .ARM.Collect$$libinit$$0000001D  c_w.l(libinit2.o)
    0x0800016c   0x0800016c   0x00000000   Code   RO         3770    .ARM.Collect$$libinit$$0000001F  c_w.l(libinit2.o)
    0x0800016c   0x0800016c   0x00000000   Code   RO         3772    .ARM.Collect$$libinit$$00000021  c_w.l(libinit2.o)
    0x0800016c   0x0800016c   0x00000000   Code   RO         3774    .ARM.Collect$$libinit$$00000023  c_w.l(libinit2.o)
    0x0800016c   0x0800016c   0x00000000   Code   RO         3776    .ARM.Collect$$libinit$$00000025  c_w.l(libinit2.o)
    0x0800016c   0x0800016c   0x00000000   Code   RO         3780    .ARM.Collect$$libinit$$0000002C  c_w.l(libinit2.o)
    0x0800016c   0x0800016c   0x00000000   Code   RO         3782    .ARM.Collect$$libinit$$0000002E  c_w.l(libinit2.o)
    0x0800016c   0x0800016c   0x00000000   Code   RO         3784    .ARM.Collect$$libinit$$00000030  c_w.l(libinit2.o)
    0x0800016c   0x0800016c   0x00000000   Code   RO         3786    .ARM.Collect$$libinit$$00000032  c_w.l(libinit2.o)
    0x0800016c   0x0800016c   0x00000002   Code   RO         3787    .ARM.Collect$$libinit$$00000033  c_w.l(libinit2.o)
    0x0800016e   0x0800016e   0x00000002   Code   RO         3807    .ARM.Collect$$libshutdown$$00000000  c_w.l(libshutdown.o)
    0x08000170   0x08000170   0x00000000   Code   RO         3820    .ARM.Collect$$libshutdown$$00000002  c_w.l(libshutdown2.o)
    0x08000170   0x08000170   0x00000000   Code   RO         3822    .ARM.Collect$$libshutdown$$00000004  c_w.l(libshutdown2.o)
    0x08000170   0x08000170   0x00000000   Code   RO         3824    .ARM.Collect$$libshutdown$$00000006  c_w.l(libshutdown2.o)
    0x08000170   0x08000170   0x00000000   Code   RO         3827    .ARM.Collect$$libshutdown$$00000009  c_w.l(libshutdown2.o)
    0x08000170   0x08000170   0x00000000   Code   RO         3830    .ARM.Collect$$libshutdown$$0000000C  c_w.l(libshutdown2.o)
    0x08000170   0x08000170   0x00000000   Code   RO         3832    .ARM.Collect$$libshutdown$$0000000E  c_w.l(libshutdown2.o)
    0x08000170   0x08000170   0x00000000   Code   RO         3835    .ARM.Collect$$libshutdown$$00000011  c_w.l(libshutdown2.o)
    0x08000170   0x08000170   0x00000002   Code   RO         3836    .ARM.Collect$$libshutdown$$00000012  c_w.l(libshutdown2.o)
    0x08000172   0x08000172   0x00000000   Code   RO         3701    .ARM.Collect$$rtentry$$00000000  c_w.l(__rtentry.o)
    0x08000172   0x08000172   0x00000000   Code   RO         3712    .ARM.Collect$$rtentry$$00000002  c_w.l(__rtentry2.o)
    0x08000172   0x08000172   0x00000006   Code   RO         3724    .ARM.Collect$$rtentry$$00000004  c_w.l(__rtentry4.o)
    0x08000178   0x08000178   0x00000000   Code   RO         3714    .ARM.Collect$$rtentry$$00000009  c_w.l(__rtentry2.o)
    0x08000178   0x08000178   0x00000004   Code   RO         3715    .ARM.Collect$$rtentry$$0000000A  c_w.l(__rtentry2.o)
    0x0800017c   0x0800017c   0x00000000   Code   RO         3717    .ARM.Collect$$rtentry$$0000000C  c_w.l(__rtentry2.o)
    0x0800017c   0x0800017c   0x00000008   Code   RO         3718    .ARM.Collect$$rtentry$$0000000D  c_w.l(__rtentry2.o)
    0x08000184   0x08000184   0x00000002   Code   RO         3741    .ARM.Collect$$rtexit$$00000000  c_w.l(rtexit.o)
    0x08000186   0x08000186   0x00000000   Code   RO         3789    .ARM.Collect$$rtexit$$00000002  c_w.l(rtexit2.o)
    0x08000186   0x08000186   0x00000004   Code   RO         3790    .ARM.Collect$$rtexit$$00000003  c_w.l(rtexit2.o)
    0x0800018a   0x0800018a   0x00000006   Code   RO         3791    .ARM.Collect$$rtexit$$00000004  c_w.l(rtexit2.o)
    0x08000190   0x08000190   0x00000096   Code   RO         3538    .emb_text           port.o
    0x08000226   0x08000226   0x00000002   PAD
    0x08000228   0x08000228   0x00000040   Code   RO            4    .text               startup_stm32f103xb.o
    0x08000268   0x08000268   0x00000028   Code   RO         3661    .text               c_w.l(noretval__2sprintf.o)
    0x08000290   0x08000290   0x00000068   Code   RO         3663    .text               c_w.l(__printf.o)
    0x080002f8   0x080002f8   0x00000078   Code   RO         3665    .text               c_w.l(_printf_dec.o)
    0x08000370   0x08000370   0x00000064   Code   RO         3691    .text               c_w.l(rt_memcpy_w.o)
    0x080003d4   0x080003d4   0x0000004e   Code   RO         3695    .text               c_w.l(rt_memclr_w.o)
    0x08000422   0x08000422   0x00000006   Code   RO         3697    .text               c_w.l(heapauxi.o)
    0x08000428   0x08000428   0x000000b2   Code   RO         3702    .text               c_w.l(_printf_intcommon.o)
    0x080004da   0x080004da   0x00000002   PAD
    0x080004dc   0x080004dc   0x00000030   Code   RO         3704    .text               c_w.l(_printf_char_common.o)
    0x0800050c   0x0800050c   0x0000000a   Code   RO         3706    .text               c_w.l(_sputc.o)
    0x08000516   0x08000516   0x0000004a   Code   RO         3728    .text               c_w.l(sys_stackheap_outer.o)
    0x08000560   0x08000560   0x00000012   Code   RO         3730    .text               c_w.l(exit.o)
    0x08000572   0x08000572   0x00000002   PAD
    0x08000574   0x08000574   0x00000008   Code   RO         3738    .text               c_w.l(libspace.o)
    0x0800057c   0x0800057c   0x0000000c   Code   RO         3799    .text               c_w.l(sys_exit.o)
    0x08000588   0x08000588   0x00000002   Code   RO         3810    .text               c_w.l(use_no_semi.o)
    0x0800058a   0x0800058a   0x00000000   Code   RO         3812    .text               c_w.l(indicate_semi.o)
    0x0800058a   0x0800058a   0x00000002   PAD
    0x0800058c   0x0800058c   0x00000056   Code   RO          631    i.ADC_ConversionStop_Disable  stm32f1xx_hal_adc.o
    0x080005e2   0x080005e2   0x0000004e   Code   RO          632    i.ADC_DMAConvCplt   stm32f1xx_hal_adc.o
    0x08000630   0x08000630   0x0000001a   Code   RO          633    i.ADC_DMAError      stm32f1xx_hal_adc.o
    0x0800064a   0x0800064a   0x0000000a   Code   RO          634    i.ADC_DMAHalfConvCplt  stm32f1xx_hal_adc.o
    0x08000654   0x08000654   0x0000007c   Code   RO          635    i.ADC_Enable        stm32f1xx_hal_adc.o
    0x080006d0   0x080006d0   0x00000002   Code   RO          501    i.BusFault_Handler  stm32f1xx_it.o
    0x080006d2   0x080006d2   0x00000002   PAD
    0x080006d4   0x080006d4   0x0000000c   Code   RO          502    i.DMA1_Channel1_IRQHandler  stm32f1xx_it.o
    0x080006e0   0x080006e0   0x0000002a   Code   RO         1287    i.DMA_SetConfig     stm32f1xx_hal_dma.o
    0x0800070a   0x0800070a   0x00000002   Code   RO          503    i.DebugMon_Handler  stm32f1xx_it.o
    0x0800070c   0x0800070c   0x00000004   Code   RO           13    i.Error_Handler     main.o
    0x08000710   0x08000710   0x000000fc   Code   RO          637    i.HAL_ADC_ConfigChannel  stm32f1xx_hal_adc.o
    0x0800080c   0x0800080c   0x00000002   Code   RO          638    i.HAL_ADC_ConvCpltCallback  stm32f1xx_hal_adc.o
    0x0800080e   0x0800080e   0x00000002   Code   RO          639    i.HAL_ADC_ConvHalfCpltCallback  stm32f1xx_hal_adc.o
    0x08000810   0x08000810   0x00000002   Code   RO          641    i.HAL_ADC_ErrorCallback  stm32f1xx_hal_adc.o
    0x08000812   0x08000812   0x00000002   PAD
    0x08000814   0x08000814   0x0000011c   Code   RO          646    i.HAL_ADC_Init      stm32f1xx_hal_adc.o
    0x08000930   0x08000930   0x00000090   Code   RO          388    i.HAL_ADC_MspInit   adc.o
    0x080009c0   0x080009c0   0x0000010c   Code   RO          653    i.HAL_ADC_Start_DMA  stm32f1xx_hal_adc.o
    0x08000acc   0x08000acc   0x00000154   Code   RO         1293    i.HAL_DMA_IRQHandler  stm32f1xx_hal_dma.o
    0x08000c20   0x08000c20   0x0000005c   Code   RO         1294    i.HAL_DMA_Init      stm32f1xx_hal_dma.o
    0x08000c7c   0x08000c7c   0x00000070   Code   RO         1298    i.HAL_DMA_Start_IT  stm32f1xx_hal_dma.o
    0x08000cec   0x08000cec   0x000001e0   Code   RO         1224    i.HAL_GPIO_Init     stm32f1xx_hal_gpio.o
    0x08000ecc   0x08000ecc   0x0000000a   Code   RO         1228    i.HAL_GPIO_WritePin  stm32f1xx_hal_gpio.o
    0x08000ed6   0x08000ed6   0x00000002   PAD
    0x08000ed8   0x08000ed8   0x0000000c   Code   RO          918    i.HAL_GetTick       stm32f1xx_hal.o
    0x08000ee4   0x08000ee4   0x00000010   Code   RO          924    i.HAL_IncTick       stm32f1xx_hal.o
    0x08000ef4   0x08000ef4   0x00000024   Code   RO          925    i.HAL_Init          stm32f1xx_hal.o
    0x08000f18   0x08000f18   0x00000040   Code   RO          926    i.HAL_InitTick      stm32f1xx_hal.o
    0x08000f58   0x08000f58   0x00000048   Code   RO          571    i.HAL_MspInit       stm32f1xx_hal_msp.o
    0x08000fa0   0x08000fa0   0x0000001a   Code   RO         1384    i.HAL_NVIC_EnableIRQ  stm32f1xx_hal_cortex.o
    0x08000fba   0x08000fba   0x00000002   PAD
    0x08000fbc   0x08000fbc   0x00000040   Code   RO         1390    i.HAL_NVIC_SetPriority  stm32f1xx_hal_cortex.o
    0x08000ffc   0x08000ffc   0x00000024   Code   RO         1391    i.HAL_NVIC_SetPriorityGrouping  stm32f1xx_hal_cortex.o
    0x08001020   0x08001020   0x000000ec   Code   RO         1186    i.HAL_RCCEx_PeriphCLKConfig  stm32f1xx_hal_rcc_ex.o
    0x0800110c   0x0800110c   0x0000012c   Code   RO         1082    i.HAL_RCC_ClockConfig  stm32f1xx_hal_rcc.o
    0x08001238   0x08001238   0x00000020   Code   RO         1089    i.HAL_RCC_GetPCLK1Freq  stm32f1xx_hal_rcc.o
    0x08001258   0x08001258   0x00000020   Code   RO         1090    i.HAL_RCC_GetPCLK2Freq  stm32f1xx_hal_rcc.o
    0x08001278   0x08001278   0x0000004c   Code   RO         1091    i.HAL_RCC_GetSysClockFreq  stm32f1xx_hal_rcc.o
    0x080012c4   0x080012c4   0x00000320   Code   RO         1094    i.HAL_RCC_OscConfig  stm32f1xx_hal_rcc.o
    0x080015e4   0x080015e4   0x00000028   Code   RO         1395    i.HAL_SYSTICK_Config  stm32f1xx_hal_cortex.o
    0x0800160c   0x0800160c   0x00000064   Code   RO         1950    i.HAL_UART_Init     stm32f1xx_hal_uart.o
    0x08001670   0x08001670   0x000000bc   Code   RO          454    i.HAL_UART_MspInit  usart.o
    0x0800172c   0x0800172c   0x00000032   Code   RO         1960    i.HAL_UART_Transmit_IT  stm32f1xx_hal_uart.o
    0x0800175e   0x0800175e   0x00000002   Code   RO          504    i.HardFault_Handler  stm32f1xx_it.o
    0x08001760   0x08001760   0x000000a4   Code   RO          389    i.MX_ADC1_Init      adc.o
    0x08001804   0x08001804   0x0000002c   Code   RO          429    i.MX_DMA_Init       dma.o
    0x08001830   0x08001830   0x00000054   Code   RO          224    i.MX_FREERTOS_Init  freertos.o
    0x08001884   0x08001884   0x000000d0   Code   RO          196    i.MX_GPIO_Init      gpio.o
    0x08001954   0x08001954   0x00000038   Code   RO          455    i.MX_USART1_UART_Init  usart.o
    0x0800198c   0x0800198c   0x00000038   Code   RO          456    i.MX_USART3_UART_Init  usart.o
    0x080019c4   0x080019c4   0x00000002   Code   RO          505    i.MemManage_Handler  stm32f1xx_it.o
    0x080019c6   0x080019c6   0x00000002   Code   RO          506    i.NMI_Handler       stm32f1xx_it.o
    0x080019c8   0x080019c8   0x00000008   Code   RO          225    i.StartDefaultTask  freertos.o
    0x080019d0   0x080019d0   0x00000168   Code   RO          226    i.StartTask02       freertos.o
    0x08001b38   0x08001b38   0x000000cc   Code   RO          227    i.StartTask03       freertos.o
    0x08001c04   0x08001c04   0x00000018   Code   RO          507    i.SysTick_Handler   stm32f1xx_it.o
    0x08001c1c   0x08001c1c   0x00000068   Code   RO           14    i.SystemClock_Config  main.o
    0x08001c84   0x08001c84   0x00000002   Code   RO         2284    i.SystemInit        system_stm32f1xx.o
    0x08001c86   0x08001c86   0x00000002   PAD
    0x08001c88   0x08001c88   0x000000b8   Code   RO         1976    i.UART_SetConfig    stm32f1xx_hal_uart.o
    0x08001d40   0x08001d40   0x00000002   Code   RO          508    i.UsageFault_Handler  stm32f1xx_it.o
    0x08001d42   0x08001d42   0x00000020   Code   RO         1397    i.__NVIC_SetPriority  stm32f1xx_hal_cortex.o
    0x08001d62   0x08001d62   0x0000000a   Code   RO         3617    i.hc4051_init       hc4051.o
    0x08001d6c   0x08001d6c   0x00000022   Code   RO         3618    i.hc4051_selectChannel  hc4051.o
    0x08001d8e   0x08001d8e   0x00000026   Code   RO           15    i.main              main.o
    0x08001db4   0x08001db4   0x0000000c   Code   RO         3104    i.makeFreeRtosPriority  cmsis_os.o
    0x08001dc0   0x08001dc0   0x0000000e   Code   RO         3106    i.osDelay           cmsis_os.o
    0x08001dce   0x08001dce   0x0000000a   Code   RO         3109    i.osKernelStart     cmsis_os.o
    0x08001dd8   0x08001dd8   0x00000054   Code   RO         3143    i.osThreadCreate    cmsis_os.o
    0x08001e2c   0x08001e2c   0x00000070   Code   RO         2786    i.prvAddCurrentTaskToDelayedList  tasks.o
    0x08001e9c   0x08001e9c   0x000000d0   Code   RO         2787    i.prvAddNewTaskToReadyList  tasks.o
    0x08001f6c   0x08001f6c   0x00000034   Code   RO         2788    i.prvDeleteTCB      tasks.o
    0x08001fa0   0x08001fa0   0x0000004c   Code   RO         3471    i.prvHeapInit       heap_4.o
    0x08001fec   0x08001fec   0x00000060   Code   RO         2789    i.prvIdleTask       tasks.o
    0x0800204c   0x0800204c   0x00000098   Code   RO         2790    i.prvInitialiseNewTask  tasks.o
    0x080020e4   0x080020e4   0x0000004c   Code   RO         3472    i.prvInsertBlockIntoFreeList  heap_4.o
    0x08002130   0x08002130   0x00000020   Code   RO         2791    i.prvResetNextTaskUnblockTime  tasks.o
    0x08002150   0x08002150   0x00000028   Code   RO         3539    i.prvTaskExitError  port.o
    0x08002178   0x08002178   0x000000dc   Code   RO         3473    i.pvPortMalloc      heap_4.o
    0x08002254   0x08002254   0x00000024   Code   RO         3540    i.pxPortInitialiseStack  port.o
    0x08002278   0x08002278   0x00000010   Code   RO          228    i.set_ic1_s0        freertos.o
    0x08002288   0x08002288   0x00000010   Code   RO          229    i.set_ic1_s1        freertos.o
    0x08002298   0x08002298   0x00000010   Code   RO          230    i.set_ic1_s2        freertos.o
    0x080022a8   0x080022a8   0x00000010   Code   RO          231    i.set_ic2_s0        freertos.o
    0x080022b8   0x080022b8   0x00000010   Code   RO          232    i.set_ic2_s1        freertos.o
    0x080022c8   0x080022c8   0x00000010   Code   RO          233    i.set_ic2_s2        freertos.o
    0x080022d8   0x080022d8   0x00000010   Code   RO          234    i.set_ic3_s0        freertos.o
    0x080022e8   0x080022e8   0x00000010   Code   RO          235    i.set_ic3_s1        freertos.o
    0x080022f8   0x080022f8   0x00000010   Code   RO          236    i.set_ic3_s2        freertos.o
    0x08002308   0x08002308   0x00000010   Code   RO          237    i.set_ic4_s0        freertos.o
    0x08002318   0x08002318   0x00000010   Code   RO          238    i.set_ic4_s1        freertos.o
    0x08002328   0x08002328   0x00000010   Code   RO          239    i.set_ic4_s2        freertos.o
    0x08002338   0x08002338   0x00000010   Code   RO          240    i.set_ic5_s0        freertos.o
    0x08002348   0x08002348   0x00000010   Code   RO          241    i.set_ic5_s1        freertos.o
    0x08002358   0x08002358   0x00000010   Code   RO          242    i.set_ic5_s2        freertos.o
    0x08002368   0x08002368   0x00000026   Code   RO         2422    i.uxListRemove      list.o
    0x0800238e   0x0800238e   0x00000002   PAD
    0x08002390   0x08002390   0x00000014   Code   RO          243    i.vApplicationGetIdleTaskMemory  freertos.o
    0x080023a4   0x080023a4   0x00000016   Code   RO         2423    i.vListInitialise   list.o
    0x080023ba   0x080023ba   0x00000006   Code   RO         2424    i.vListInitialiseItem  list.o
    0x080023c0   0x080023c0   0x00000030   Code   RO         2425    i.vListInsert       list.o
    0x080023f0   0x080023f0   0x00000018   Code   RO         2426    i.vListInsertEnd    list.o
    0x08002408   0x08002408   0x00000040   Code   RO         3542    i.vPortEnterCritical  port.o
    0x08002448   0x08002448   0x00000028   Code   RO         3543    i.vPortExitCritical  port.o
    0x08002470   0x08002470   0x00000064   Code   RO         3474    i.vPortFree         heap_4.o
    0x080024d4   0x080024d4   0x00000024   Code   RO         3544    i.vPortSetupTimerInterrupt  port.o
    0x080024f8   0x080024f8   0x0000004c   Code   RO         2800    i.vTaskDelay        tasks.o
    0x08002544   0x08002544   0x0000006c   Code   RO         2813    i.vTaskStartScheduler  tasks.o
    0x080025b0   0x080025b0   0x00000010   Code   RO         2815    i.vTaskSuspendAll   tasks.o
    0x080025c0   0x080025c0   0x0000005c   Code   RO         2816    i.vTaskSwitchContext  tasks.o
    0x0800261c   0x0800261c   0x000000a8   Code   RO         3546    i.xPortStartScheduler  port.o
    0x080026c4   0x080026c4   0x0000002c   Code   RO         3547    i.xPortSysTickHandler  port.o
    0x080026f0   0x080026f0   0x0000005a   Code   RO         2819    i.xTaskCreate       tasks.o
    0x0800274a   0x0800274a   0x00000056   Code   RO         2820    i.xTaskCreateStatic  tasks.o
    0x080027a0   0x080027a0   0x0000001c   Code   RO         2824    i.xTaskGetSchedulerState  tasks.o
    0x080027bc   0x080027bc   0x000000cc   Code   RO         2827    i.xTaskIncrementTick  tasks.o
    0x08002888   0x08002888   0x000000c4   Code   RO         2833    i.xTaskResumeAll    tasks.o
    0x0800294c   0x0800294c   0x00000054   Data   RO          249    .constdata          freertos.o
    0x080029a0   0x080029a0   0x00000012   Data   RO         1095    .constdata          stm32f1xx_hal_rcc.o
    0x080029b2   0x080029b2   0x00000010   Data   RO         2285    .constdata          system_stm32f1xx.o
    0x080029c2   0x080029c2   0x00000008   Data   RO         2286    .constdata          system_stm32f1xx.o
    0x080029ca   0x080029ca   0x00000002   PAD
    0x080029cc   0x080029cc   0x0000008c   Data   RO          250    .conststring        freertos.o
    0x08002a58   0x08002a58   0x00000020   Data   RO         3867    Region$$Table       anon$$obj.o


    Execution Region RW_IRAM1 (Exec base: 0x20000000, Load base: 0x08002a78, Size: 0x00002510, Max: 0x00005000, ABSOLUTE)

    Exec Addr    Load Addr    Size         Type   Attr      Idx    E Section Name        Object

    0x20000000   0x08002a78   0x0000000c   Data   RW          251    .data               freertos.o
    0x2000000c   0x08002a84   0x0000000c   Data   RW          932    .data               stm32f1xx_hal.o
    0x20000018   0x08002a90   0x00000004   Data   RW         2287    .data               system_stm32f1xx.o
    0x2000001c   0x08002a94   0x0000003c   Data   RW         2836    .data               tasks.o
    0x20000058   0x08002ad0   0x00000020   Data   RW         3480    .data               heap_4.o
    0x20000078   0x08002af0   0x0000000c   Data   RW         3548    .data               port.o
    0x20000084        -       0x000008e8   Zero   RW           16    .bss                main.o
    0x2000096c        -       0x00000200   Zero   RW          244    .bss                freertos.o
    0x20000b6c        -       0x00000054   Zero   RW          245    .bss                freertos.o
    0x20000bc0        -       0x00000200   Zero   RW          246    .bss                freertos.o
    0x20000dc0        -       0x00000054   Zero   RW          247    .bss                freertos.o
    0x20000e14        -       0x00000254   Zero   RW          248    .bss                freertos.o
    0x20001068        -       0x00000074   Zero   RW          390    .bss                adc.o
    0x200010dc        -       0x00000090   Zero   RW          457    .bss                usart.o
    0x2000116c        -       0x000000f0   Zero   RW         2835    .bss                tasks.o
    0x2000125c        -       0x00000c00   Zero   RW         3479    .bss                heap_4.o
    0x20001e5c        -       0x00000010   Zero   RW         3619    .bss                hc4051.o
    0x20001e6c        -       0x00000010   Zero   RW         3620    .bss                hc4051.o
    0x20001e7c        -       0x00000010   Zero   RW         3621    .bss                hc4051.o
    0x20001e8c        -       0x00000010   Zero   RW         3622    .bss                hc4051.o
    0x20001e9c        -       0x00000010   Zero   RW         3623    .bss                hc4051.o
    0x20001eac        -       0x00000060   Zero   RW         3739    .bss                c_w.l(libspace.o)
    0x20001f0c   0x08002afc   0x00000004   PAD
    0x20001f10        -       0x00000200   Zero   RW            2    HEAP                startup_stm32f103xb.o
    0x20002110        -       0x00000400   Zero   RW            1    STACK               startup_stm32f103xb.o


==============================================================================

Image component sizes


      Code (inc. data)   RO Data    RW Data    ZI Data      Debug   Object Name

       308         32          0          0        116       1975   adc.o
       120          0          0          0          0      23713   cmsis_os.o
        44          4          0          0          0        834   dma.o
         0          0          0          0          0      17256   event_groups.o
       916        194        224         12       1788      11919   freertos.o
       208         16          0          0          0       1059   gpio.o
        44          0          0          0         80       2482   hc4051.o
       472         24          0         32       3072       7619   heap_4.o
       138          0          0          0          0       3650   list.o
       146          0          0          0       2280     444868   main.o
       578         60          0         12          0      10684   port.o
        64         26        236          0       1536        848   startup_stm32f103xb.o
       128         24          0         12          0       5565   stm32f1xx_hal.o
      1134         56          0          0          0       8994   stm32f1xx_hal_adc.o
       198         14          0          0          0      29199   stm32f1xx_hal_cortex.o
       586         32          0          0          0       3787   stm32f1xx_hal_dma.o
       490         34          0          0          0       3004   stm32f1xx_hal_gpio.o
        72         10          0          0          0        946   stm32f1xx_hal_msp.o
      1240         84         18          0          0       5352   stm32f1xx_hal_rcc.o
       236         12          0          0          0       1460   stm32f1xx_hal_rcc_ex.o
       334          6          0          0          0       2835   stm32f1xx_hal_uart.o
        48          6          0          0          0       3854   stm32f1xx_it.o
         0          0          0          0          0        432   stream_buffer.o
         2          0         24          4          0       1235   system_stm32f1xx.o
      1548        118          0         60        240      20403   tasks.o
       300         38          0          0        144       2543   usart.o

    ----------------------------------------------------------------------
      9368        790        536        132       9256     616516   Object Totals
         0          0         32          0          0          0   (incl. Generated)
        14          0          2          0          0          0   (incl. Padding)

    ----------------------------------------------------------------------

      Code (inc. data)   RO Data    RW Data    ZI Data      Debug   Library Member Name

         8          0          0          0          0         68   __main.o
       104          0          0          0          0         84   __printf.o
         0          0          0          0          0          0   __rtentry.o
        12          0          0          0          0          0   __rtentry2.o
         6          0          0          0          0          0   __rtentry4.o
        52          8          0          0          0          0   __scatter.o
        26          0          0          0          0          0   __scatter_copy.o
        28          0          0          0          0          0   __scatter_zi.o
        48          6          0          0          0         96   _printf_char_common.o
         6          0          0          0          0          0   _printf_d.o
       120         16          0          0          0         92   _printf_dec.o
       178          0          0          0          0         88   _printf_intcommon.o
         0          0          0          0          0          0   _printf_percent.o
         4          0          0          0          0          0   _printf_percent_end.o
        10          0          0          0          0         68   _sputc.o
        18          0          0          0          0         80   exit.o
         6          0          0          0          0        152   heapauxi.o
         0          0          0          0          0          0   indicate_semi.o
         2          0          0          0          0          0   libinit.o
         2          0          0          0          0          0   libinit2.o
         2          0          0          0          0          0   libshutdown.o
         2          0          0          0          0          0   libshutdown2.o
         8          4          0          0         96         68   libspace.o
        40          6          0          0          0         84   noretval__2sprintf.o
        78          0          0          0          0         80   rt_memclr_w.o
       100          0          0          0          0         80   rt_memcpy_w.o
         2          0          0          0          0          0   rtexit.o
        10          0          0          0          0          0   rtexit2.o
        12          4          0          0          0         68   sys_exit.o
        74          0          0          0          0         80   sys_stackheap_outer.o
         2          0          0          0          0         68   use_no_semi.o

    ----------------------------------------------------------------------
       968         44          0          0        100       1256   Library Totals
         8          0          0          0          4          0   (incl. Padding)

    ----------------------------------------------------------------------

      Code (inc. data)   RO Data    RW Data    ZI Data      Debug   Library Name

       960         44          0          0         96       1256   c_w.l

    ----------------------------------------------------------------------
       968         44          0          0        100       1256   Library Totals

    ----------------------------------------------------------------------

==============================================================================


      Code (inc. data)   RO Data    RW Data    ZI Data      Debug   

     10336        834        536        132       9356     611528   Grand Totals
     10336        834        536        132       9356     611528   ELF Image Totals
     10336        834        536        132          0          0   ROM Totals

==============================================================================

    Total RO  Size (Code + RO Data)                10872 (  10.62kB)
    Total RW  Size (RW Data + ZI Data)              9488 (   9.27kB)
    Total ROM Size (Code + RO Data + RW Data)      11004 (  10.75kB)

==============================================================================

